[05:14:38] === P10 OurAirports Batch Enrichment ===
[05:14:38] Run ID: p10-20260510-051438
[05:14:38] Initialising database connection...
[05:14:38] Creating OurAirports connector...
[05:14:38] Health check...
2026-05-10 08:14:39 [info     ] ourairports_health_ok          status=200
[05:14:39] Health check: OK
[05:14:39] Downloading airports.csv (if not cached)...
2026-05-10 08:14:39 [info     ] ourairports_cache_hit          age_days=18.7 path=sources/ourairports/airports.csv size_mb=12.02
[05:14:39] CSV path: sources/ourairports/airports.csv (12.0 MB)
[05:14:39] Building spatial index...
2026-05-10 08:14:39 [info     ] ourairports_cache_hit          age_days=18.7 path=sources/ourairports/airports.csv size_mb=12.02
2026-05-10 08:14:39 [info     ] ourairports_cache_hit          age_days=0.5 path=sources/ourairports/runways.csv size_mb=3.76
2026-05-10 08:14:39 [info     ] ourairports_runways_parsed     airports_with_hard_runway=17756 airports_with_runway=40663 rows=47904 skipped_no_ident=0 skipped_no_length=292
2026-05-10 08:14:40 [info     ] ourairports_csv_parsed         airport_count=4731 airports_with_runway_length=1533 skipped_coords=2428 skipped_country=64839 skipped_type=13204
2026-05-10 08:14:40 [info     ] ourairports_index_built        airport_count=4731 countries=33
[05:14:40] Index: 4731 airports across 33 countries
[05:14:40] Starting batch enrichment for all sites...
2026-05-10 08:14:40 [info     ] ourairports_batch_start        index_airports=4731 run_id=p10-20260510-051438 total_sites=22
2026-05-10 08:14:40 [info     ] ourairports_fetch_ok           airport_count=3 elapsed_ms=90 lat=46.222424 lon=21.328771 nearest_km=7.1 violations=['A2']
2026-05-10 08:14:40 [info     ] ourairports_site_complete      elapsed_ms=116 index=1 nearest_km=7.1 quality=high site_id=5a33e5f0-6d86-4eab-adea-6c6bad7f3f45 site_name='Arad power station' total=22 violations=['A2']
2026-05-10 08:14:40 [info     ] ourairports_fetch_ok           airport_count=6 elapsed_ms=0 lat=46.530524 lon=26.940874 nearest_km=2.0 violations=['A1', 'A3', 'A4']
2026-05-10 08:14:40 [info     ] ourairports_site_complete      elapsed_ms=5 index=2 nearest_km=2.0 quality=high site_id=dac2a974-a2de-46c5-b581-03985a9ae7d0 site_name='Bacau CHP power station' total=22 violations=['A1', 'A3', 'A4']
2026-05-10 08:14:40 [info     ] ourairports_fetch_ok           airport_count=1 elapsed_ms=0 lat=45.165033 lon=27.923383 nearest_km=22.2 violations=[]
2026-05-10 08:14:40 [info     ] ourairports_site_complete      elapsed_ms=4 index=3 nearest_km=22.2 quality=high site_id=29836b52-a882-4921-95a7-6417e636d9a2 site_name='Braila power station' total=22 violations=[]
2026-05-10 08:14:40 [info     ] ourairports_fetch_ok           airport_count=11 elapsed_ms=0 lat=45.662296 lon=25.646845 nearest_km=6.6 violations=['A4']
2026-05-10 08:14:40 [info     ] ourairports_site_complete      elapsed_ms=3 index=4 nearest_km=6.6 quality=high site_id=729f8d17-57c0-4d9a-adab-4b612d4abde5 site_name='Brasov power station' total=22 violations=['A4']
2026-05-10 08:14:40 [info     ] ourairports_fetch_ok           airport_count=20 elapsed_ms=0 lat=44.4325 lon=26.103889 nearest_km=2.1 violations=['A4']
2026-05-10 08:14:40 [info     ] ourairports_site_complete      elapsed_ms=3 index=5 nearest_km=2.1 quality=high site_id=3bef37a3-239e-498d-a160-77452a6a9b79 site_name='Bucharest North East power station' total=22 violations=['A4']
2026-05-10 08:14:40 [info     ] ourairports_fetch_ok           airport_count=5 elapsed_ms=0 lat=44.34294 lon=23.81076 nearest_km=4.4 violations=['A4']
2026-05-10 08:14:40 [info     ] ourairports_site_complete      elapsed_ms=3 index=6 nearest_km=4.4 quality=high site_id=a4fa3246-27d6-4740-898c-bdf9dadcb88c site_name='Craiova II power station' total=22 violations=['A4']
2026-05-10 08:14:40 [info     ] ourairports_fetch_ok           airport_count=1 elapsed_ms=0 lat=45.002896 lon=25.397236 nearest_km=27.7 violations=[]
2026-05-10 08:14:40 [info     ] ourairports_site_complete      elapsed_ms=2 index=7 nearest_km=27.7 quality=high site_id=aff5ffe6-fe7a-4de7-afad-9d4645a64cd9 site_name='Doicesti power station' total=22 violations=[]
2026-05-10 08:14:40 [info     ] ourairports_fetch_ok           airport_count=11 elapsed_ms=0 lat=45.7917 lon=25.5889 nearest_km=8.6 violations=['A4']
2026-05-10 08:14:40 [info     ] ourairports_site_complete      elapsed_ms=4 index=8 nearest_km=8.6 quality=high site_id=18ecb024-ee4f-4045-8254-5e95d61dea8c site_name='FPCU Feldioara' total=22 violations=['A4']
2026-05-10 08:14:40 [info     ] ourairports_fetch_ok           airport_count=5 elapsed_ms=0 lat=45.423333 lon=28.0425 nearest_km=3.9 violations=[]
2026-05-10 08:14:40 [info     ] ourairports_site_complete      elapsed_ms=2 index=9 nearest_km=3.9 quality=high site_id=8781d874-5923-4795-9c9f-b2a6c709025a site_name='Galati Power Station' total=22 violations=[]
2026-05-10 08:14:40 [info     ] ourairports_fetch_ok           airport_count=5 elapsed_ms=0 lat=43.879766 lon=25.926778 nearest_km=16.6 violations=[]
2026-05-10 08:14:40 [info     ] ourairports_site_complete      elapsed_ms=2 index=10 nearest_km=16.6 quality=high site_id=6aed2eac-1c97-40c5-b842-fb15fd510f35 site_name='Giurgiu power station' total=22 violations=[]
2026-05-10 08:14:40 [info     ] ourairports_fetch_ok           airport_count=1 elapsed_ms=0 lat=45.039047 lon=24.287572 nearest_km=4.8 violations=[]
2026-05-10 08:14:40 [info     ] ourairports_site_complete      elapsed_ms=2 index=11 nearest_km=4.8 quality=high site_id=825dc024-9a53-4237-bf59-cbe0af0cf87d site_name='Govora power station' total=22 violations=[]
2026-05-10 08:14:40 [info     ] ourairports_fetch_ok           airport_count=4 elapsed_ms=0 lat=47.147296 lon=27.717157 nearest_km=6.0 violations=['A4']
2026-05-10 08:14:40 [info     ] ourairports_site_complete      elapsed_ms=3 index=12 nearest_km=6.0 quality=high site_id=1d8be6d0-f3a5-4b32-9d46-3526289731f8 site_name='Iasi-2 power station' total=22 violations=['A4']
2026-05-10 08:14:40 [info     ] ourairports_fetch_ok           airport_count=5 elapsed_ms=0 lat=44.38763 lon=23.718195 nearest_km=3.8 violations=['A1', 'A3', 'A4']
2026-05-10 08:14:40 [info     ] ourairports_site_complete      elapsed_ms=3 index=13 nearest_km=3.8 quality=high site_id=e073b3f8-4312-4d34-b322-6289a3121af1 site_name='Isalnita power station' total=22 violations=['A1', 'A3', 'A4']
2026-05-10 08:14:40 [info     ] ourairports_fetch_ok           airport_count=1 elapsed_ms=0 lat=45.912791 lon=22.826129 nearest_km=12.4 violations=[]
2026-05-10 08:14:40 [info     ] ourairports_site_complete      elapsed_ms=2 index=14 nearest_km=12.4 quality=high site_id=52a7babe-313f-493b-86b9-bd0c4aece4c3 site_name='Mintia-Deva power station' total=22 violations=[]
2026-05-10 08:14:40 [info     ] ourairports_fetch_ok           airport_count=5 elapsed_ms=0 lat=47.084677 lon=21.892868 nearest_km=5.2 violations=['A4']
2026-05-10 08:14:40 [info     ] ourairports_site_complete      elapsed_ms=3 index=15 nearest_km=5.2 quality=high site_id=6c428b2a-ad09-448b-b24c-22465929d69c site_name='Oradea power station' total=22 violations=['A4']
2026-05-10 08:14:40 [info     ] ourairports_fetch_ok           airport_count=0 elapsed_ms=0 lat=45.366101 lon=23.261351 nearest_km=40.7 violations=[]
2026-05-10 08:14:40 [info     ] ourairports_site_complete      elapsed_ms=2 index=16 nearest_km=40.7 quality=high site_id=9825e28e-fd6e-460d-9caf-0342563f9060 site_name='Paroseni power station' total=22 violations=[]
2026-05-10 08:14:40 [info     ] ourairports_fetch_ok           airport_count=2 elapsed_ms=0 lat=44.677808 lon=22.685995 nearest_km=6.7 violations=[]
2026-05-10 08:14:40 [info     ] ourairports_site_complete      elapsed_ms=2 index=17 nearest_km=6.7 quality=high site_id=c3790475-3d3b-4e2b-92ae-24503fe03e6b site_name='Romag Termo power station' total=22 violations=[]
2026-05-10 08:14:40 [info     ] ourairports_fetch_ok           airport_count=1 elapsed_ms=0 lat=44.910633 lon=23.134754 nearest_km=18.8 violations=[]
2026-05-10 08:14:40 [info     ] ourairports_site_complete      elapsed_ms=2 index=18 nearest_km=18.8 quality=high site_id=958e4d82-853a-41f1-a442-94b4c4314221 site_name='Rovinari power station' total=22 violations=[]
2026-05-10 08:14:40 [info     ] ourairports_fetch_ok           airport_count=0 elapsed_ms=0 lat=44.429722 lon=24.364167 nearest_km=38.9 violations=[]
2026-05-10 08:14:40 [info     ] ourairports_site_complete      elapsed_ms=2 index=19 nearest_km=38.9 quality=high site_id=d498ded8-449c-4672-8bb9-0ed6c8fef775 site_name='Slatina power station' total=22 violations=[]
2026-05-10 08:14:40 [info     ] ourairports_fetch_ok           airport_count=3 elapsed_ms=0 lat=47.651873 lon=26.298268 nearest_km=4.6 violations=['A4']
2026-05-10 08:14:40 [info     ] ourairports_site_complete      elapsed_ms=3 index=20 nearest_km=4.6 quality=high site_id=693d9b73-f9fc-4502-9b94-be020c5d21fb site_name='Suceava power station' total=22 violations=['A4']
2026-05-10 08:14:40 [info     ] ourairports_fetch_ok           airport_count=1 elapsed_ms=0 lat=45.034167 lon=23.274722 nearest_km=5.7 violations=[]
2026-05-10 08:14:40 [info     ] ourairports_site_complete      elapsed_ms=2 index=21 nearest_km=5.7 quality=high site_id=e43af28e-a3d3-4047-a9cf-f3b0990754b4 site_name='Târgu Jiu Thermal Plant' total=22 violations=[]
2026-05-10 08:14:40 [info     ] ourairports_fetch_ok           airport_count=0 elapsed_ms=0 lat=44.669722 lon=23.407778 nearest_km=36.9 violations=[]
2026-05-10 08:14:40 [info     ] ourairports_site_complete      elapsed_ms=2 index=22 nearest_km=36.9 quality=high site_id=345fb795-170a-4fb5-833c-f6bcf2eb450c site_name='Turceni power station' total=22 violations=[]
2026-05-10 08:14:40 [info     ] ourairports_batch_done         cached=0 elapsed_s=0.4 failed=0 run_id=p10-20260510-051438 succeeded=22 total=22

[05:14:40] === BATCH COMPLETE ===
[05:14:40] 22 sites: 22 ok, 0 failed, 0 cached (0.4 s)
[05:14:40] Run ID: p10-20260510-051438

--- Per-site results ---
  ✅ Arad power station                       | nearest:     7.1 km | Arad International Airport     | quality: high   |   116 ms
  ✅ Bacau CHP power station                  | nearest:     2.0 km | Industrial Zone Bacău Helipad  | quality: high   |     5 ms
  ✅ Braila power station                     | nearest:    22.2 km | Aerial Club Vădeni             | quality: high   |     4 ms
  ✅ Brasov power station                     | nearest:     6.6 km | Sânpetru-Brașov Aerodrome      | quality: high   |     3 ms
  ✅ Bucharest North East power station       | nearest:     2.1 km | Ministry Of National Defense H | quality: high   |     3 ms
  ✅ Craiova II power station                 | nearest:     4.4 km | Emergency County Hospital Crai | quality: high   |     3 ms
  ✅ Doicesti power station                   | nearest:    27.7 km | Ilfoveni (Aerogetic) Airfield  | quality: high   |     2 ms
  ✅ FPCU Feldioara                           | nearest:     8.6 km | Sânpetru-Brașov Aerodrome      | quality: high   |     4 ms
  ✅ Galati Power Station                     | nearest:     3.9 km | Damen Shipyard Heliport        | quality: high   |     2 ms
  ✅ Giurgiu power station                    | nearest:    16.6 km | Nikolovo Airfield              | quality: high   |     2 ms
  ✅ Govora power station                     | nearest:     4.8 km | Râmnicu Vâlcea Heliport        | quality: high   |     2 ms
  ✅ Iasi-2 power station                     | nearest:     6.0 km | 2nd Detachment of Firefighters | quality: high   |     3 ms
  ✅ Isalnita power station                   | nearest:     3.8 km | Mihăița Airstrip               | quality: high   |     3 ms
  ✅ Mintia-Deva power station                | nearest:    12.4 km | Săulești Airfield              | quality: high   |     2 ms
  ✅ Oradea power station                     | nearest:     5.2 km | Oradea / Smurd Bh 2 Heliport   | quality: high   |     3 ms
  ✅ Paroseni power station                   | nearest:    40.7 km | Barza Târgu-Jiu Airfield       | quality: high   |     2 ms
  ✅ Romag Termo power station                | nearest:     6.7 km | Drobeta-Turnu Severin Heliport | quality: high   |     2 ms
  ✅ Rovinari power station                   | nearest:    18.8 km | Barza Târgu-Jiu Airfield       | quality: high   |     2 ms
  ✅ Slatina power station                    | nearest:    38.9 km | Deveselu Heliport              | quality: high   |     2 ms
  ✅ Suceava power station                    | nearest:     4.6 km | Suceava "St. John the New" Eme | quality: high   |     3 ms
  ✅ Târgu Jiu Thermal Plant                  | nearest:     5.7 km | Barza Târgu-Jiu Airfield       | quality: high   |     2 ms
  ✅ Turceni power station                    | nearest:    36.9 km | Predeşti SkyFun Airfield       | quality: high   |     2 ms

--- Distance statistics ---
  Min:    2.0 km
  Max:    40.7 km
  Mean:   13.0 km
  Median: 6.7 km

[05:14:40] Done.
