[06:52:07] === HI-01 OurAirports preview (no DB writes) ===
[06:52:07] Run ID: hi01-preview-20260510-065207
[06:52:07] Sites in scope: 361
[06:52:07] Building OurAirports index (cached if recent)...
2026-05-10 09:52:08 [info     ] ourairports_health_ok          status=200
2026-05-10 09:52:08 [info     ] ourairports_cache_hit          age_days=18.8 path=sources/ourairports/airports.csv size_mb=12.02
2026-05-10 09:52:08 [info     ] ourairports_cache_hit          age_days=0.6 path=sources/ourairports/runways.csv size_mb=3.76
2026-05-10 09:52:08 [info     ] ourairports_runways_parsed     airports_with_hard_runway=17756 airports_with_runway=40663 rows=47904 skipped_no_ident=0 skipped_no_length=292
2026-05-10 09:52:09 [info     ] ourairports_csv_parsed         airport_count=4731 airports_with_runway_length=1533 skipped_coords=2428 skipped_country=64839 skipped_type=13204
2026-05-10 09:52:09 [info     ] ourairports_index_built        airport_count=4731 countries=33
[06:52:09] Index: 4731 airports across 33 countries
2026-05-10 09:52:09 [info     ] ourairports_fetch_ok           airport_count=1 elapsed_ms=73 lat=41.371141 lon=19.425201 nearest_km=25.1 violations=[]
2026-05-10 09:52:09 [info     ] ourairports_fetch_ok           airport_count=7 elapsed_ms=0 lat=48.32611 lon=15.923333 nearest_km=10.5 violations=[]
2026-05-10 09:52:09 [info     ] ourairports_fetch_ok           airport_count=6 elapsed_ms=0 lat=48.21309 lon=14.475222 nearest_km=13.2 violations=[]
2026-05-10 09:52:09 [info     ] ourairports_fetch_ok           airport_count=4 elapsed_ms=0 lat=46.90819 lon=15.49231 nearest_km=10.0 violations=['A4']
2026-05-10 09:52:09 [info     ] ourairports_fetch_ok           airport_count=12 elapsed_ms=0 lat=48.031769 lon=12.843122 nearest_km=15.1 violations=[]
2026-05-10 09:52:09 [info     ] ourairports_fetch_ok           airport_count=6 elapsed_ms=0 lat=46.75 lon=14.816667 nearest_km=1.1 violations=['A1']
2026-05-10 09:52:09 [info     ] ourairports_fetch_ok           airport_count=3 elapsed_ms=0 lat=48.0122 lon=13.5895 nearest_km=21.7 violations=[]
2026-05-10 09:52:09 [info     ] ourairports_fetch_ok           airport_count=3 elapsed_ms=0 lat=47.0475 lon=15.160278 nearest_km=22.1 violations=[]
2026-05-10 09:52:09 [info     ] ourairports_fetch_ok           airport_count=6 elapsed_ms=0 lat=47.25 lon=15.166667 nearest_km=15.7 violations=[]
2026-05-10 09:52:09 [info     ] ourairports_fetch_ok           airport_count=3 elapsed_ms=0 lat=44.4 lon=18.5333 nearest_km=12.8 violations=[]
2026-05-10 09:52:09 [info     ] ourairports_fetch_ok           airport_count=0 elapsed_ms=0 lat=44.05 lon=17.45 nearest_km=51.8 violations=[]
2026-05-10 09:52:09 [info     ] ourairports_fetch_ok           airport_count=0 elapsed_ms=0 lat=43.172137 lon=18.511555 nearest_km=53.8 violations=[]
2026-05-10 09:52:09 [info     ] ourairports_fetch_ok           airport_count=1 elapsed_ms=0 lat=43.333 lon=17.8 nearest_km=6.7 violations=['A4']
2026-05-10 09:52:09 [info     ] ourairports_fetch_ok           airport_count=3 elapsed_ms=0 lat=44.089633 lon=18.113865 nearest_km=7.3 violations=[]
2026-05-10 09:52:09 [info     ] ourairports_fetch_ok           airport_count=2 elapsed_ms=0 lat=44.766667 lon=16.666667 nearest_km=1.6 violations=['A1', 'A3']
2026-05-10 09:52:09 [info     ] ourairports_fetch_ok           airport_count=0 elapsed_ms=0 lat=43.64611 lon=17.33139 nearest_km=38.7 violations=[]
2026-05-10 09:52:09 [info     ] ourairports_fetch_ok           airport_count=0 elapsed_ms=0 lat=43.518304 lon=18.652091 nearest_km=42.7 violations=[]
2026-05-10 09:52:09 [info     ] ourairports_fetch_ok           airport_count=0 elapsed_ms=0 lat=44.753861 lon=17.792444 nearest_km=33.5 violations=[]
2026-05-10 09:52:09 [info     ] ourairports_fetch_ok           airport_count=3 elapsed_ms=0 lat=44.52104 lon=18.606443 nearest_km=11.4 violations=['A4']
2026-05-10 09:52:09 [info     ] ourairports_fetch_ok           airport_count=4 elapsed_ms=0 lat=44.683446 lon=18.968516 nearest_km=12.8 violations=[]
2026-05-10 09:52:09 [info     ] ourairports_fetch_ok           airport_count=3 elapsed_ms=0 lat=42.285818 lon=23.03283 nearest_km=3.6 violations=['A1', 'A3']
2026-05-10 09:52:09 [info     ] ourairports_fetch_ok           airport_count=2 elapsed_ms=0 lat=42.154555 lon=25.906814 nearest_km=18.6 violations=[]
2026-05-10 09:52:09 [info     ] ourairports_fetch_ok           airport_count=5 elapsed_ms=0 lat=43.196354 lon=27.632675 nearest_km=16.1 violations=[]
2026-05-10 09:52:09 [info     ] ourairports_fetch_ok           airport_count=0 elapsed_ms=0 lat=43.7825 lon=23.2175 nearest_km=32.3 violations=[]
2026-05-10 09:52:09 [info     ] ourairports_fetch_ok           airport_count=2 elapsed_ms=0 lat=42.051942 lon=25.623344 nearest_km=17.8 violations=[]
2026-05-10 09:52:09 [info     ] ourairports_fetch_ok           airport_count=2 elapsed_ms=0 lat=42.1573 lon=25.9084 nearest_km=18.3 violations=[]
2026-05-10 09:52:09 [info     ] ourairports_fetch_ok           airport_count=4 elapsed_ms=0 lat=42.254053 lon=26.134007 nearest_km=9.6 violations=[]
2026-05-10 09:52:09 [info     ] ourairports_fetch_ok           airport_count=2 elapsed_ms=0 lat=42.14502 lon=26.003009 nearest_km=20.3 violations=[]
2026-05-10 09:52:09 [info     ] ourairports_fetch_ok           airport_count=2 elapsed_ms=0 lat=42.1444 lon=26.0033 nearest_km=20.4 violations=[]
2026-05-10 09:52:09 [info     ] ourairports_fetch_ok           airport_count=6 elapsed_ms=0 lat=42.607124 lon=23.078699 nearest_km=17.7 violations=[]
2026-05-10 09:52:09 [info     ] ourairports_fetch_ok           airport_count=5 elapsed_ms=0 lat=43.866654 lon=26.010002 nearest_km=9.9 violations=[]
2026-05-10 09:52:09 [info     ] ourairports_fetch_ok           airport_count=3 elapsed_ms=0 lat=42.654762 lon=26.325853 nearest_km=2.9 violations=['A1', 'A3']
2026-05-10 09:52:09 [info     ] ourairports_fetch_ok           airport_count=3 elapsed_ms=0 lat=43.642272 lon=25.305007 nearest_km=3.2 violations=['A1', 'A3']
2026-05-10 09:52:09 [info     ] ourairports_fetch_ok           airport_count=4 elapsed_ms=0 lat=43.19477 lon=27.765472 nearest_km=6.4 violations=['A4']
2026-05-10 09:52:09 [info     ] ourairports_fetch_ok           airport_count=1 elapsed_ms=0 lat=43.948363 lon=22.850904 nearest_km=8.7 violations=[]
2026-05-10 09:52:09 [info     ] ourairports_fetch_ok           airport_count=0 elapsed_ms=0 lat=51.789444 lon=28.321389 nearest_km=61.7 violations=[]
2026-05-10 09:52:09 [info     ] ourairports_fetch_ok           airport_count=0 elapsed_ms=0 lat=53.15 lon=24.8167 nearest_km=50.0 violations=[]
2026-05-10 09:52:09 [info     ] ourairports_fetch_ok           airport_count=18 elapsed_ms=0 lat=50.028062 lon=15.450504 nearest_km=5.1 violations=[]
2026-05-10 09:52:09 [info     ] ourairports_fetch_ok           airport_count=12 elapsed_ms=0 lat=49.907184 lon=18.464559 nearest_km=6.2 violations=[]
2026-05-10 09:52:09 [info     ] ourairports_fetch_ok           airport_count=14 elapsed_ms=0 lat=48.847759 lon=17.120129 nearest_km=4.3 violations=[]
2026-05-10 09:52:09 [info     ] ourairports_fetch_ok           airport_count=13 elapsed_ms=0 lat=49.823463 lon=18.480287 nearest_km=4.8 violations=[]
2026-05-10 09:52:09 [info     ] ourairports_fetch_ok           airport_count=30 elapsed_ms=0 lat=50.1535 lon=14.12858 nearest_km=3.3 violations=['A4']
2026-05-10 09:52:09 [info     ] ourairports_fetch_ok           airport_count=17 elapsed_ms=0 lat=50.522288 lon=13.572102 nearest_km=4.6 violations=[]
2026-05-10 09:52:09 [info     ] ourairports_fetch_ok           airport_count=18 elapsed_ms=0 lat=50.57658 lon=13.779761 nearest_km=0.3 violations=['A1']
2026-05-10 09:52:09 [info     ] ourairports_fetch_ok           airport_count=33 elapsed_ms=0 lat=50.084967 lon=14.525273 nearest_km=1.4 violations=['A1', 'A2']
2026-05-10 09:52:09 [info     ] ourairports_fetch_ok           airport_count=17 elapsed_ms=0 lat=49.86 lon=18.27 nearest_km=6.9 violations=[]
2026-05-10 09:52:09 [info     ] ourairports_fetch_ok           airport_count=17 elapsed_ms=0 lat=50.413132 lon=14.41582 nearest_km=2.3 violations=['A1', 'A3']
2026-05-10 09:52:09 [info     ] ourairports_fetch_ok           airport_count=17 elapsed_ms=0 lat=50.460918 lon=14.375854 nearest_km=2.2 violations=['A1', 'A3']
2026-05-10 09:52:09 [info     ] ourairports_fetch_ok           airport_count=17 elapsed_ms=0 lat=50.503 lon=13.63617 nearest_km=0.4 violations=['A1']
2026-05-10 09:52:09 [info     ] ourairports_fetch_ok           airport_count=14 elapsed_ms=0 lat=49.570879 lon=17.304121 nearest_km=5.1 violations=[]
[06:52:09] processed 50/361 | changes=0 | in_sync=50 | errors=0
2026-05-10 09:52:09 [info     ] ourairports_fetch_ok           airport_count=21 elapsed_ms=0 lat=50.12283 lon=15.790765 nearest_km=6.3 violations=['A4']
2026-05-10 09:52:09 [info     ] ourairports_fetch_ok           airport_count=6 elapsed_ms=0 lat=49.368459 lon=14.702139 nearest_km=2.6 violations=['A1', 'A3']
2026-05-10 09:52:09 [info     ] ourairports_fetch_ok           airport_count=14 elapsed_ms=0 lat=49.754333 lon=13.398754 nearest_km=1.6 violations=['A1']
2026-05-10 09:52:09 [info     ] ourairports_fetch_ok           airport_count=14 elapsed_ms=0 lat=49.739529 lon=13.345461 nearest_km=3.5 violations=[]
2026-05-10 09:52:09 [info     ] ourairports_fetch_ok           airport_count=21 elapsed_ms=0 lat=50.4267 lon=13.6747 nearest_km=6.0 violations=[]
2026-05-10 09:52:09 [info     ] ourairports_fetch_ok           airport_count=16 elapsed_ms=0 lat=50.572812 lon=15.963992 nearest_km=6.2 violations=[]
2026-05-10 09:52:09 [info     ] ourairports_fetch_ok           airport_count=18 elapsed_ms=0 lat=49.445061 lon=17.428525 nearest_km=2.7 violations=['A1', 'A2']
2026-05-10 09:52:09 [info     ] ourairports_fetch_ok           airport_count=3 elapsed_ms=0 lat=49.696 lon=14.003 nearest_km=7.5 violations=[]
2026-05-10 09:52:09 [info     ] ourairports_fetch_ok           airport_count=15 elapsed_ms=0 lat=50.415122 lon=13.255958 nearest_km=2.9 violations=[]
2026-05-10 09:52:09 [info     ] ourairports_fetch_ok           airport_count=20 elapsed_ms=0 lat=50.41721 lon=14.93293 nearest_km=1.8 violations=['A1', 'A3']
2026-05-10 09:52:09 [info     ] ourairports_fetch_ok           airport_count=9 elapsed_ms=0 lat=50.149402 lon=12.610338 nearest_km=7.3 violations=[]
2026-05-10 09:52:09 [info     ] ourairports_fetch_ok           airport_count=18 elapsed_ms=0 lat=49.831905 lon=18.211305 nearest_km=3.5 violations=[]
2026-05-10 09:52:09 [info     ] ourairports_fetch_ok           airport_count=7 elapsed_ms=0 lat=49.677778 lon=18.672778 nearest_km=20.5 violations=[]
2026-05-10 09:52:09 [info     ] ourairports_fetch_ok           airport_count=15 elapsed_ms=0 lat=50.381868 lon=13.339973 nearest_km=4.0 violations=[]
2026-05-10 09:52:09 [info     ] ourairports_fetch_ok           airport_count=10 elapsed_ms=0 lat=50.255816 lon=12.695936 nearest_km=7.2 violations=[]
2026-05-10 09:52:09 [info     ] ourairports_fetch_ok           airport_count=18 elapsed_ms=0 lat=49.225 lon=17.654 nearest_km=3.7 violations=[]
2026-05-10 09:52:09 [info     ] ourairports_fetch_ok           airport_count=0 elapsed_ms=0 lat=43.05 lon=17.433333 nearest_km=41.8 violations=[]
2026-05-10 09:52:09 [info     ] ourairports_fetch_ok           airport_count=1 elapsed_ms=0 lat=45.136764 lon=14.162702 nearest_km=26.6 violations=[]
2026-05-10 09:52:09 [info     ] ourairports_fetch_ok           airport_count=6 elapsed_ms=0 lat=47.0956 lon=17.558444 nearest_km=7.5 violations=[]
2026-05-10 09:52:09 [info     ] ourairports_fetch_ok           airport_count=3 elapsed_ms=0 lat=47.571057 lon=18.365557 nearest_km=6.7 violations=[]
2026-05-10 09:52:09 [info     ] ourairports_fetch_ok           airport_count=0 elapsed_ms=0 lat=47.904814 lon=21.055306 nearest_km=31.8 violations=[]
2026-05-10 09:52:09 [info     ] ourairports_fetch_ok           airport_count=5 elapsed_ms=0 lat=47.79027 lon=20.06358 nearest_km=7.0 violations=[]
2026-05-10 09:52:09 [info     ] ourairports_fetch_ok           airport_count=3 elapsed_ms=0 lat=48.016667 lon=19.95 nearest_km=10.8 violations=[]
2026-05-10 09:52:09 [info     ] ourairports_fetch_ok           airport_count=2 elapsed_ms=0 lat=46.1 lon=18.083333 nearest_km=9.8 violations=[]
2026-05-10 09:52:09 [info     ] ourairports_fetch_ok           airport_count=0 elapsed_ms=0 lat=45.99593 lon=18.67985 nearest_km=30.6 violations=[]
2026-05-10 09:52:09 [info     ] ourairports_fetch_ok           airport_count=2 elapsed_ms=0 lat=47.501741 lon=18.271075 nearest_km=4.4 violations=[]
2026-05-10 09:52:09 [info     ] ourairports_fetch_ok           airport_count=2 elapsed_ms=0 lat=46.064103 lon=18.263048 nearest_km=4.6 violations=['A4']
2026-05-10 09:52:09 [info     ] ourairports_fetch_ok           airport_count=0 elapsed_ms=0 lat=47.916826 lon=21.075933 nearest_km=31.8 violations=[]
2026-05-10 09:52:09 [info     ] ourairports_fetch_ok           airport_count=8 elapsed_ms=0 lat=47.23626 lon=16.53706 nearest_km=6.1 violations=[]
2026-05-10 09:52:09 [info     ] ourairports_fetch_ok           airport_count=1 elapsed_ms=0 lat=57.409408 lon=21.594695 nearest_km=6.5 violations=[]
2026-05-10 09:52:09 [info     ] ourairports_fetch_ok           airport_count=2 elapsed_ms=0 lat=46.629027 lon=29.939714 nearest_km=7.0 violations=[]
2026-05-10 09:52:09 [info     ] ourairports_fetch_ok           airport_count=1 elapsed_ms=0 lat=42.1 lon=19.1 nearest_km=28.0 violations=[]
2026-05-10 09:52:09 [info     ] ourairports_fetch_ok           airport_count=2 elapsed_ms=0 lat=42.84 lon=19.86 nearest_km=0.2 violations=['A1', 'A3']
2026-05-10 09:52:09 [info     ] ourairports_fetch_ok           airport_count=0 elapsed_ms=0 lat=43.36 lon=19.36 nearest_km=48.0 violations=[]
2026-05-10 09:52:09 [info     ] ourairports_fetch_ok           airport_count=0 elapsed_ms=0 lat=43.334574 lon=19.32714 nearest_km=51.8 violations=[]
2026-05-10 09:52:09 [info     ] ourairports_fetch_ok           airport_count=2 elapsed_ms=0 lat=41.05832 lon=21.484266 nearest_km=6.6 violations=[]
2026-05-10 09:52:09 [info     ] ourairports_fetch_ok           airport_count=1 elapsed_ms=0 lat=41.122815 lon=21.805115 nearest_km=22.2 violations=[]
2026-05-10 09:52:09 [info     ] ourairports_fetch_ok           airport_count=2 elapsed_ms=0 lat=41.483333 lon=22.1 nearest_km=6.3 violations=[]
2026-05-10 09:52:09 [info     ] ourairports_fetch_ok           airport_count=1 elapsed_ms=0 lat=41.582133 lon=21.000288 nearest_km=7.4 violations=[]
2026-05-10 09:52:09 [info     ] ourairports_fetch_ok           airport_count=0 elapsed_ms=0 lat=52.012307 lon=18.546212 nearest_km=36.3 violations=[]
2026-05-10 09:52:09 [info     ] ourairports_fetch_ok           airport_count=5 elapsed_ms=0 lat=50.303889 lon=19.137778 nearest_km=10.4 violations=[]
2026-05-10 09:52:09 [info     ] ourairports_fetch_ok           airport_count=3 elapsed_ms=0 lat=51.266389 lon=19.330556 nearest_km=7.6 violations=[]
2026-05-10 09:52:09 [info     ] ourairports_fetch_ok           airport_count=5 elapsed_ms=0 lat=53.147965 lon=23.169649 nearest_km=5.2 violations=[]
2026-05-10 09:52:09 [info     ] ourairports_fetch_ok           airport_count=6 elapsed_ms=0 lat=49.811696 lon=19.052943 nearest_km=3.7 violations=['A1', 'A3']
2026-05-10 09:52:09 [info     ] ourairports_fetch_ok           airport_count=5 elapsed_ms=0 lat=50.783333 lon=18.966667 nearest_km=5.7 violations=[]
2026-05-10 09:52:09 [info     ] ourairports_fetch_ok           airport_count=4 elapsed_ms=0 lat=53.09918 lon=18.0889 nearest_km=7.4 violations=['A2']
2026-05-10 09:52:09 [info     ] ourairports_fetch_ok           airport_count=4 elapsed_ms=0 lat=50.307464 lon=18.969459 nearest_km=9.0 violations=[]
2026-05-10 09:52:09 [info     ] ourairports_fetch_ok           airport_count=7 elapsed_ms=0 lat=49.966667 lon=18.95 nearest_km=1.7 violations=['A1', 'A3']
2026-05-10 09:52:09 [info     ] ourairports_fetch_ok           airport_count=4 elapsed_ms=0 lat=50.794406 lon=19.14242 nearest_km=10.9 violations=[]
2026-05-10 09:52:09 [info     ] ourairports_fetch_ok           airport_count=3 elapsed_ms=0 lat=53.20778 lon=14.46722 nearest_km=23.1 violations=[]
[06:52:09] processed 100/361 | changes=0 | in_sync=100 | errors=0
2026-05-10 09:52:09 [info     ] ourairports_fetch_ok           airport_count=4 elapsed_ms=0 lat=54.378201 lon=18.641284 nearest_km=11.3 violations=['A4']
2026-05-10 09:52:09 [info     ] ourairports_fetch_ok           airport_count=5 elapsed_ms=0 lat=54.553355 lon=18.480791 nearest_km=3.8 violations=['A1', 'A3']
2026-05-10 09:52:09 [info     ] ourairports_fetch_ok           airport_count=3 elapsed_ms=0 lat=50.317682 lon=18.626547 nearest_km=6.3 violations=[]
2026-05-10 09:52:09 [info     ] ourairports_fetch_ok           airport_count=7 elapsed_ms=0 lat=52.7504 lon=15.2712 nearest_km=2.6 violations=['A1', 'A3']
2026-05-10 09:52:09 [info     ] ourairports_fetch_ok           airport_count=3 elapsed_ms=0 lat=51.948982 lon=14.728458 nearest_km=4.8 violations=[]
2026-05-10 09:52:09 [info     ] ourairports_fetch_ok           airport_count=4 elapsed_ms=0 lat=50.2325 lon=18.851944 nearest_km=12.9 violations=[]
2026-05-10 09:52:09 [info     ] ourairports_fetch_ok           airport_count=3 elapsed_ms=0 lat=50.213351 lon=19.22806 nearest_km=14.1 violations=[]
2026-05-10 09:52:09 [info     ] ourairports_fetch_ok           airport_count=5 elapsed_ms=0 lat=50.28568 lon=19.05438 nearest_km=5.5 violations=[]
2026-05-10 09:52:09 [info     ] ourairports_fetch_ok           airport_count=3 elapsed_ms=0 lat=50.34988 lon=18.226184 nearest_km=15.9 violations=[]
2026-05-10 09:52:09 [info     ] ourairports_fetch_ok           airport_count=1 elapsed_ms=0 lat=52.283657 lon=18.269475 nearest_km=8.2 violations=[]
2026-05-10 09:52:09 [info     ] ourairports_fetch_ok           airport_count=2 elapsed_ms=0 lat=51.58293 lon=21.54779 nearest_km=24.1 violations=[]
2026-05-10 09:52:09 [info     ] ourairports_fetch_ok           airport_count=5 elapsed_ms=0 lat=50.054021 lon=20.006018 nearest_km=0.9 violations=['A1']
2026-05-10 09:52:09 [info     ] ourairports_fetch_ok           airport_count=4 elapsed_ms=0 lat=50.35016 lon=19.14351 nearest_km=14.7 violations=['A4']
2026-05-10 09:52:09 [info     ] ourairports_fetch_ok           airport_count=7 elapsed_ms=0 lat=50.134526 lon=18.844352 nearest_km=17.0 violations=[]
2026-05-10 09:52:09 [info     ] ourairports_fetch_ok           airport_count=3 elapsed_ms=0 lat=51.3009 lon=22.88211 nearest_km=11.5 violations=['A4']
2026-05-10 09:52:09 [info     ] ourairports_fetch_ok           airport_count=3 elapsed_ms=0 lat=51.3 lon=22.883333 nearest_km=11.5 violations=['A4']
2026-05-10 09:52:09 [info     ] ourairports_fetch_ok           airport_count=4 elapsed_ms=0 lat=51.207007 lon=16.155323 nearest_km=17.2 violations=[]
2026-05-10 09:52:09 [info     ] ourairports_fetch_ok           airport_count=5 elapsed_ms=0 lat=51.742023 lon=19.448746 nearest_km=4.1 violations=['A4']
2026-05-10 09:52:09 [info     ] ourairports_fetch_ok           airport_count=5 elapsed_ms=0 lat=51.798357 lon=19.420734 nearest_km=8.6 violations=['A4']
2026-05-10 09:52:09 [info     ] ourairports_fetch_ok           airport_count=5 elapsed_ms=0 lat=51.74564 lon=19.53963 nearest_km=10.1 violations=['A4']
2026-05-10 09:52:09 [info     ] ourairports_fetch_ok           airport_count=3 elapsed_ms=0 lat=51.209986 lon=22.554122 nearest_km=9.8 violations=['A4']
2026-05-10 09:52:09 [info     ] ourairports_fetch_ok           airport_count=3 elapsed_ms=0 lat=50.349073 lon=18.841853 nearest_km=15.0 violations=[]
2026-05-10 09:52:09 [info     ] ourairports_fetch_ok           airport_count=6 elapsed_ms=0 lat=50.180556 lon=19.007222 nearest_km=6.7 violations=[]
2026-05-10 09:52:09 [info     ] ourairports_fetch_ok           airport_count=6 elapsed_ms=0 lat=53.742222 lon=18.823056 nearest_km=6.0 violations=[]
2026-05-10 09:52:09 [info     ] ourairports_fetch_ok           airport_count=3 elapsed_ms=0 lat=50.75182 lon=17.88196 nearest_km=15.0 violations=[]
2026-05-10 09:52:09 [info     ] ourairports_fetch_ok           airport_count=0 elapsed_ms=0 lat=53.103611 lon=21.6125 nearest_km=31.6 violations=[]
2026-05-10 09:52:09 [info     ] ourairports_fetch_ok           airport_count=2 elapsed_ms=0 lat=52.302 lon=18.237 nearest_km=5.3 violations=[]
2026-05-10 09:52:09 [info     ] ourairports_fetch_ok           airport_count=7 elapsed_ms=0 lat=50.016287 lon=19.096709 nearest_km=3.7 violations=['A1', 'A3']
2026-05-10 09:52:09 [info     ] ourairports_fetch_ok           airport_count=3 elapsed_ms=0 lat=50.437685 lon=21.33769 nearest_km=8.0 violations=[]
2026-05-10 09:52:09 [info     ] ourairports_fetch_ok           airport_count=5 elapsed_ms=0 lat=53.962892 lon=18.711758 nearest_km=14.7 violations=[]
2026-05-10 09:52:09 [info     ] ourairports_fetch_ok           airport_count=3 elapsed_ms=0 lat=53.390996 lon=14.524786 nearest_km=6.7 violations=[]
2026-05-10 09:52:09 [info     ] ourairports_fetch_ok           airport_count=11 elapsed_ms=0 lat=52.436416 lon=16.988658 nearest_km=3.8 violations=['A1', 'A3', 'A4']
2026-05-10 09:52:09 [info     ] ourairports_fetch_ok           airport_count=3 elapsed_ms=0 lat=51.3 lon=22.966667 nearest_km=7.1 violations=[]
2026-05-10 09:52:09 [info     ] ourairports_fetch_ok           airport_count=2 elapsed_ms=0 lat=51.416443 lon=21.969309 nearest_km=15.9 violations=[]
2026-05-10 09:52:09 [info     ] ourairports_fetch_ok           airport_count=2 elapsed_ms=0 lat=51.416443 lon=21.969309 nearest_km=15.9 violations=[]
2026-05-10 09:52:09 [info     ] ourairports_fetch_ok           airport_count=2 elapsed_ms=0 lat=51.457211 lon=21.973811 nearest_km=11.9 violations=[]
2026-05-10 09:52:09 [info     ] ourairports_fetch_ok           airport_count=5 elapsed_ms=0 lat=50.13406 lon=18.52196 nearest_km=10.3 violations=[]
2026-05-10 09:52:09 [info     ] ourairports_fetch_ok           airport_count=6 elapsed_ms=0 lat=51.03794 lon=17.15095 nearest_km=4.0 violations=[]
2026-05-10 09:52:09 [info     ] ourairports_fetch_ok           airport_count=11 elapsed_ms=0 lat=52.191456 lon=21.086218 nearest_km=8.6 violations=['A4']
2026-05-10 09:52:09 [info     ] ourairports_fetch_ok           airport_count=3 elapsed_ms=0 lat=50.208043 lon=19.460943 nearest_km=18.6 violations=[]
2026-05-10 09:52:09 [info     ] ourairports_fetch_ok           airport_count=6 elapsed_ms=0 lat=49.977425 lon=19.805132 nearest_km=11.2 violations=['A4']
2026-05-10 09:52:09 [info     ] ourairports_fetch_ok           airport_count=2 elapsed_ms=0 lat=50.55386 lon=22.0791 nearest_km=9.9 violations=[]
2026-05-10 09:52:09 [info     ] ourairports_fetch_ok           airport_count=6 elapsed_ms=0 lat=53.393629 lon=18.374224 nearest_km=10.9 violations=[]
2026-05-10 09:52:09 [info     ] ourairports_fetch_ok           airport_count=4 elapsed_ms=0 lat=53.411271 lon=14.585981 nearest_km=3.9 violations=['A1', 'A3']
2026-05-10 09:52:09 [info     ] ourairports_fetch_ok           airport_count=10 elapsed_ms=0 lat=50.947717 lon=14.91171 nearest_km=5.1 violations=[]
2026-05-10 09:52:09 [info     ] ourairports_fetch_ok           airport_count=5 elapsed_ms=0 lat=50.106 lon=19.014 nearest_km=8.5 violations=[]
2026-05-10 09:52:09 [info     ] ourairports_fetch_ok           airport_count=7 elapsed_ms=0 lat=51.123715 lon=17.02457 nearest_km=9.3 violations=['A4']
2026-05-10 09:52:09 [info     ] ourairports_fetch_ok           airport_count=3 elapsed_ms=0 lat=50.324928 lon=18.785719 nearest_km=10.2 violations=[]
2026-05-10 09:52:09 [info     ] ourairports_fetch_ok           airport_count=0 elapsed_ms=0 lat=54.787416 lon=18.085672 nearest_km=30.7 violations=[]
2026-05-10 09:52:09 [info     ] ourairports_fetch_ok           airport_count=10 elapsed_ms=0 lat=52.2947 lon=20.99334 nearest_km=6.5 violations=['A4']
[06:52:09] processed 150/361 | changes=0 | in_sync=150 | errors=0
2026-05-10 09:52:09 [info     ] ourairports_fetch_ok           airport_count=7 elapsed_ms=0 lat=49.964162 lon=18.626794 nearest_km=3.7 violations=[]
2026-05-10 09:52:09 [info     ] ourairports_fetch_ok           airport_count=4 elapsed_ms=0 lat=50.347756 lon=19.278159 nearest_km=10.5 violations=[]
2026-05-10 09:52:09 [info     ] ourairports_fetch_ok           airport_count=3 elapsed_ms=0 lat=46.222424 lon=21.328771 nearest_km=7.1 violations=['A2']
2026-05-10 09:52:09 [info     ] ourairports_fetch_ok           airport_count=6 elapsed_ms=0 lat=46.530524 lon=26.940874 nearest_km=2.0 violations=['A1', 'A3', 'A4']
2026-05-10 09:52:09 [info     ] ourairports_fetch_ok           airport_count=1 elapsed_ms=0 lat=45.165033 lon=27.923383 nearest_km=22.2 violations=[]
2026-05-10 09:52:09 [info     ] ourairports_fetch_ok           airport_count=11 elapsed_ms=0 lat=45.662296 lon=25.646845 nearest_km=6.6 violations=['A4']
2026-05-10 09:52:09 [info     ] ourairports_fetch_ok           airport_count=20 elapsed_ms=0 lat=44.4325 lon=26.103889 nearest_km=2.1 violations=['A4']
2026-05-10 09:52:09 [info     ] ourairports_fetch_ok           airport_count=5 elapsed_ms=0 lat=44.34294 lon=23.81076 nearest_km=4.4 violations=['A4']
2026-05-10 09:52:09 [info     ] ourairports_fetch_ok           airport_count=1 elapsed_ms=0 lat=45.002896 lon=25.397236 nearest_km=27.7 violations=[]
2026-05-10 09:52:09 [info     ] ourairports_fetch_ok           airport_count=11 elapsed_ms=0 lat=45.7917 lon=25.5889 nearest_km=8.6 violations=['A4']
2026-05-10 09:52:09 [info     ] ourairports_fetch_ok           airport_count=5 elapsed_ms=0 lat=45.423333 lon=28.0425 nearest_km=3.9 violations=[]
2026-05-10 09:52:09 [info     ] ourairports_fetch_ok           airport_count=5 elapsed_ms=0 lat=43.879766 lon=25.926778 nearest_km=16.6 violations=[]
2026-05-10 09:52:09 [info     ] ourairports_fetch_ok           airport_count=1 elapsed_ms=0 lat=45.039047 lon=24.287572 nearest_km=4.8 violations=[]
2026-05-10 09:52:09 [info     ] ourairports_fetch_ok           airport_count=4 elapsed_ms=0 lat=47.147296 lon=27.717157 nearest_km=6.0 violations=['A4']
2026-05-10 09:52:09 [info     ] ourairports_fetch_ok           airport_count=5 elapsed_ms=0 lat=44.38763 lon=23.718195 nearest_km=3.8 violations=['A1', 'A3', 'A4']
2026-05-10 09:52:09 [info     ] ourairports_fetch_ok           airport_count=1 elapsed_ms=0 lat=45.912791 lon=22.826129 nearest_km=12.4 violations=[]
2026-05-10 09:52:09 [info     ] ourairports_fetch_ok           airport_count=5 elapsed_ms=0 lat=47.084677 lon=21.892868 nearest_km=5.2 violations=['A4']
2026-05-10 09:52:09 [info     ] ourairports_fetch_ok           airport_count=0 elapsed_ms=0 lat=45.366101 lon=23.261351 nearest_km=40.7 violations=[]
2026-05-10 09:52:09 [info     ] ourairports_fetch_ok           airport_count=2 elapsed_ms=0 lat=44.677808 lon=22.685995 nearest_km=6.7 violations=[]
2026-05-10 09:52:09 [info     ] ourairports_fetch_ok           airport_count=1 elapsed_ms=0 lat=44.910633 lon=23.134754 nearest_km=18.8 violations=[]
2026-05-10 09:52:09 [info     ] ourairports_fetch_ok           airport_count=0 elapsed_ms=0 lat=44.429722 lon=24.364167 nearest_km=38.9 violations=[]
2026-05-10 09:52:09 [info     ] ourairports_fetch_ok           airport_count=3 elapsed_ms=0 lat=47.651873 lon=26.298268 nearest_km=4.6 violations=['A4']
2026-05-10 09:52:09 [info     ] ourairports_fetch_ok           airport_count=1 elapsed_ms=0 lat=45.034167 lon=23.274722 nearest_km=5.7 violations=[]
2026-05-10 09:52:09 [info     ] ourairports_fetch_ok           airport_count=0 elapsed_ms=0 lat=44.669722 lon=23.407778 nearest_km=36.9 violations=[]
2026-05-10 09:52:09 [info     ] ourairports_fetch_ok           airport_count=3 elapsed_ms=0 lat=44.05 lon=21.26 nearest_km=8.5 violations=[]
2026-05-10 09:52:09 [info     ] ourairports_fetch_ok           airport_count=3 elapsed_ms=0 lat=44.480312 lon=20.293538 nearest_km=24.1 violations=[]
2026-05-10 09:52:09 [info     ] ourairports_fetch_ok           airport_count=3 elapsed_ms=0 lat=44.4675 lon=20.28444 nearest_km=25.3 violations=[]
2026-05-10 09:52:09 [info     ] ourairports_fetch_ok           airport_count=5 elapsed_ms=0 lat=44.723674 lon=21.171605 nearest_km=1.5 violations=['A1', 'A3']
2026-05-10 09:52:09 [info     ] ourairports_fetch_ok           airport_count=3 elapsed_ms=0 lat=44.75 lon=20.966667 nearest_km=2.7 violations=['A1', 'A3']
2026-05-10 09:52:09 [info     ] ourairports_fetch_ok           airport_count=3 elapsed_ms=0 lat=44.223826 lon=21.163148 nearest_km=21.5 violations=[]
2026-05-10 09:52:09 [info     ] ourairports_fetch_ok           airport_count=9 elapsed_ms=0 lat=44.671341 lon=20.158418 nearest_km=4.5 violations=[]
2026-05-10 09:52:09 [info     ] ourairports_fetch_ok           airport_count=0 elapsed_ms=0 lat=43.27305 lon=19.99944 nearest_km=48.1 violations=[]
2026-05-10 09:52:09 [info     ] ourairports_fetch_ok           airport_count=10 elapsed_ms=0 lat=46.3723 lon=15.0534 nearest_km=2.9 violations=['A1', 'A3']
2026-05-10 09:52:09 [info     ] ourairports_fetch_ok           airport_count=7 elapsed_ms=0 lat=46.05796 lon=14.54513 nearest_km=1.9 violations=['A1']
2026-05-10 09:52:09 [info     ] ourairports_fetch_ok           airport_count=10 elapsed_ms=0 lat=46.126132 lon=15.061808 nearest_km=5.2 violations=[]
2026-05-10 09:52:09 [info     ] ourairports_fetch_ok           airport_count=14 elapsed_ms=0 lat=48.698047 lon=21.271726 nearest_km=4.5 violations=['A2']
2026-05-10 09:52:09 [info     ] ourairports_fetch_ok           airport_count=6 elapsed_ms=0 lat=49.059218 lon=18.907019 nearest_km=3.3 violations=['A1', 'A3']
2026-05-10 09:52:09 [info     ] ourairports_fetch_ok           airport_count=10 elapsed_ms=0 lat=48.698823 lon=18.533458 nearest_km=8.4 violations=[]
2026-05-10 09:52:09 [info     ] ourairports_fetch_ok           airport_count=11 elapsed_ms=0 lat=48.627778 lon=21.717222 nearest_km=3.3 violations=['A1', 'A3']
2026-05-10 09:52:09 [info     ] ourairports_fetch_ok           airport_count=13 elapsed_ms=0 lat=48.615945 lon=21.194562 nearest_km=3.2 violations=['A1', 'A2', 'A3']
2026-05-10 09:52:09 [info     ] ourairports_fetch_ok           airport_count=8 elapsed_ms=0 lat=48.5525 lon=21.972625 nearest_km=12.3 violations=[]
2026-05-10 09:52:09 [info     ] ourairports_fetch_ok           airport_count=0 elapsed_ms=0 lat=36.3761 lon=33.9322 nearest_km=94.9 violations=[]
2026-05-10 09:52:09 [info     ] ourairports_fetch_ok           airport_count=1 elapsed_ms=0 lat=36.843 lon=35.86 nearest_km=28.5 violations=[]
2026-05-10 09:52:09 [info     ] ourairports_fetch_ok           airport_count=1 elapsed_ms=0 lat=36.8178 lon=35.86216 nearest_km=29.8 violations=[]
2026-05-10 09:52:09 [info     ] ourairports_fetch_ok           airport_count=1 elapsed_ms=0 lat=37.0333 lon=35.8167 nearest_km=24.8 violations=[]
2026-05-10 09:52:09 [info     ] ourairports_fetch_ok           airport_count=0 elapsed_ms=0 lat=38.347211 lon=37.026002 nearest_km=90.1 violations=[]
2026-05-10 09:52:09 [info     ] ourairports_fetch_ok           airport_count=2 elapsed_ms=0 lat=40.449823 lon=27.304356 nearest_km=19.1 violations=[]
2026-05-10 09:52:09 [info     ] ourairports_fetch_ok           airport_count=0 elapsed_ms=0 lat=36.201759 lon=33.671397 nearest_km=67.3 violations=[]
2026-05-10 09:52:09 [info     ] ourairports_fetch_ok           airport_count=8 elapsed_ms=0 lat=40.691129 lon=29.405596 nearest_km=2.5 violations=['A1', 'A3']
2026-05-10 09:52:09 [info     ] ourairports_fetch_ok           airport_count=1 elapsed_ms=0 lat=39.559474 lon=27.969536 nearest_km=7.6 violations=['A2']
[06:52:09] processed 200/361 | changes=0 | in_sync=200 | errors=0
2026-05-10 09:52:09 [info     ] ourairports_fetch_ok           airport_count=3 elapsed_ms=0 lat=38.746 lon=26.912 nearest_km=15.6 violations=[]
2026-05-10 09:52:09 [info     ] ourairports_fetch_ok           airport_count=3 elapsed_ms=0 lat=39.897 lon=30.862 nearest_km=10.8 violations=[]
2026-05-10 09:52:09 [info     ] ourairports_fetch_ok           airport_count=1 elapsed_ms=0 lat=41.72704 lon=32.34971 nearest_km=10.6 violations=[]
2026-05-10 09:52:09 [info     ] ourairports_fetch_ok           airport_count=0 elapsed_ms=0 lat=37.366667 lon=28.033333 nearest_km=35.2 violations=[]
2026-05-10 09:52:09 [info     ] ourairports_fetch_ok           airport_count=1 elapsed_ms=0 lat=36.90659 lon=35.96236 nearest_km=25.4 violations=[]
2026-05-10 09:52:09 [info     ] ourairports_fetch_ok           airport_count=4 elapsed_ms=0 lat=36.6971 lon=36.2042 nearest_km=2.0 violations=[]
2026-05-10 09:52:09 [info     ] ourairports_fetch_ok           airport_count=4 elapsed_ms=0 lat=36.69028 lon=36.20909 nearest_km=2.6 violations=[]
2026-05-10 09:52:09 [info     ] ourairports_fetch_ok           airport_count=3 elapsed_ms=0 lat=37.750237 lon=29.094284 nearest_km=1.8 violations=['A1']
2026-05-10 09:52:09 [info     ] ourairports_fetch_ok           airport_count=0 elapsed_ms=0 lat=36.82211 lon=35.86753 nearest_km=30.0 violations=[]
2026-05-10 09:52:09 [info     ] ourairports_fetch_ok           airport_count=1 elapsed_ms=0 lat=39.609 lon=26.189 nearest_km=19.0 violations=[]
2026-05-10 09:52:09 [info     ] ourairports_fetch_ok           airport_count=2 elapsed_ms=0 lat=40.30593 lon=27.7272 nearest_km=11.4 violations=[]
2026-05-10 09:52:09 [info     ] ourairports_fetch_ok           airport_count=0 elapsed_ms=0 lat=39.385 lon=27.533 nearest_km=42.6 violations=[]
2026-05-10 09:52:09 [info     ] ourairports_fetch_ok           airport_count=2 elapsed_ms=0 lat=40.357 lon=27.975 nearest_km=4.3 violations=['A2']
2026-05-10 09:52:09 [info     ] ourairports_fetch_ok           airport_count=1 elapsed_ms=0 lat=41.803 lon=35.194 nearest_km=26.0 violations=[]
2026-05-10 09:52:09 [info     ] ourairports_fetch_ok           airport_count=2 elapsed_ms=0 lat=40.47233 lon=27.28625 nearest_km=19.1 violations=[]
2026-05-10 09:52:09 [info     ] ourairports_fetch_ok           airport_count=0 elapsed_ms=0 lat=39.31575 lon=40.889156 nearest_km=56.7 violations=[]
2026-05-10 09:52:09 [info     ] ourairports_fetch_ok           airport_count=0 elapsed_ms=0 lat=40.2514 lon=30.8129 nearest_km=47.2 violations=[]
2026-05-10 09:52:09 [info     ] ourairports_fetch_ok           airport_count=6 elapsed_ms=0 lat=36.491859 lon=36.192092 nearest_km=11.2 violations=[]
2026-05-10 09:52:09 [info     ] ourairports_fetch_ok           airport_count=0 elapsed_ms=0 lat=39.90331 lon=29.17746 nearest_km=34.5 violations=[]
2026-05-10 09:52:09 [info     ] ourairports_fetch_ok           airport_count=1 elapsed_ms=0 lat=36.93815 lon=35.99446 nearest_km=20.9 violations=[]
2026-05-10 09:52:09 [info     ] ourairports_fetch_ok           airport_count=0 elapsed_ms=0 lat=40.02324 lon=26.976837 nearest_km=48.5 violations=[]
2026-05-10 09:52:09 [info     ] ourairports_fetch_ok           airport_count=0 elapsed_ms=0 lat=40.034352 lon=26.950574 nearest_km=46.0 violations=[]
2026-05-10 09:52:09 [info     ] ourairports_fetch_ok           airport_count=0 elapsed_ms=0 lat=40.623886 lon=33.112751 nearest_km=55.0 violations=[]
2026-05-10 09:52:09 [info     ] ourairports_fetch_ok           airport_count=0 elapsed_ms=0 lat=40.6078 lon=33.3202 nearest_km=59.1 violations=[]
2026-05-10 09:52:09 [info     ] ourairports_fetch_ok           airport_count=2 elapsed_ms=0 lat=41.517402 lon=31.900198 nearest_km=0.3 violations=['A1']
2026-05-10 09:52:09 [info     ] ourairports_fetch_ok           airport_count=0 elapsed_ms=0 lat=40.097 lon=31.695 nearest_km=64.2 violations=[]
2026-05-10 09:52:09 [info     ] ourairports_fetch_ok           airport_count=2 elapsed_ms=0 lat=41.013446 lon=27.961648 nearest_km=14.3 violations=[]
2026-05-10 09:52:09 [info     ] ourairports_fetch_ok           airport_count=0 elapsed_ms=0 lat=36.86788 lon=35.90949 nearest_km=31.7 violations=[]
2026-05-10 09:52:09 [info     ] ourairports_fetch_ok           airport_count=2 elapsed_ms=0 lat=40.4167 lon=27.31829 nearest_km=20.6 violations=[]
2026-05-10 09:52:09 [info     ] ourairports_fetch_ok           airport_count=2 elapsed_ms=0 lat=41.283333 lon=28.0 nearest_km=4.0 violations=[]
2026-05-10 09:52:09 [info     ] ourairports_fetch_ok           airport_count=0 elapsed_ms=0 lat=39.816777 lon=27.339752 nearest_km=40.7 violations=[]
2026-05-10 09:52:09 [info     ] ourairports_fetch_ok           airport_count=0 elapsed_ms=0 lat=37.557261 lon=32.847995 nearest_km=53.2 violations=[]
2026-05-10 09:52:09 [info     ] ourairports_fetch_ok           airport_count=1 elapsed_ms=0 lat=36.780693 lon=35.735779 nearest_km=23.4 violations=[]
2026-05-10 09:52:09 [info     ] ourairports_fetch_ok           airport_count=3 elapsed_ms=0 lat=38.746 lon=26.912 nearest_km=15.6 violations=[]
2026-05-10 09:52:09 [info     ] ourairports_fetch_ok           airport_count=2 elapsed_ms=0 lat=41.498 lon=31.868 nearest_km=3.5 violations=[]
2026-05-10 09:52:09 [info     ] ourairports_fetch_ok           airport_count=0 elapsed_ms=0 lat=38.17 lon=37.37 nearest_km=69.5 violations=[]
2026-05-10 09:52:09 [info     ] ourairports_fetch_ok           airport_count=2 elapsed_ms=0 lat=38.064 lon=30.167 nearest_km=27.7 violations=[]
2026-05-10 09:52:09 [info     ] ourairports_fetch_ok           airport_count=7 elapsed_ms=0 lat=40.243172 lon=28.96442 nearest_km=3.7 violations=['A1', 'A3']
2026-05-10 09:52:09 [info     ] ourairports_fetch_ok           airport_count=1 elapsed_ms=0 lat=36.780693 lon=35.735779 nearest_km=23.4 violations=[]
2026-05-10 09:52:09 [info     ] ourairports_fetch_ok           airport_count=1 elapsed_ms=0 lat=36.81609 lon=35.85481 nearest_km=29.3 violations=[]
2026-05-10 09:52:09 [info     ] ourairports_fetch_ok           airport_count=2 elapsed_ms=0 lat=40.97 lon=35.67 nearest_km=20.0 violations=[]
2026-05-10 09:52:09 [info     ] ourairports_fetch_ok           airport_count=0 elapsed_ms=0 lat=41.632 lon=27.03 nearest_km=39.7 violations=[]
2026-05-10 09:52:09 [info     ] ourairports_fetch_ok           airport_count=3 elapsed_ms=0 lat=41.2408 lon=27.6967 nearest_km=21.8 violations=[]
2026-05-10 09:52:09 [info     ] ourairports_fetch_ok           airport_count=2 elapsed_ms=0 lat=40.328921 lon=27.990415 nearest_km=1.6 violations=['A1', 'A2']
2026-05-10 09:52:09 [info     ] ourairports_fetch_ok           airport_count=2 elapsed_ms=0 lat=40.416667 lon=26.666667 nearest_km=1.7 violations=['A1']
2026-05-10 09:52:09 [info     ] ourairports_fetch_ok           airport_count=3 elapsed_ms=0 lat=41.57543 lon=32.05965 nearest_km=8.0 violations=[]
2026-05-10 09:52:09 [info     ] ourairports_fetch_ok           airport_count=9 elapsed_ms=0 lat=40.77758 lon=29.538564 nearest_km=11.2 violations=[]
2026-05-10 09:52:09 [info     ] ourairports_fetch_ok           airport_count=1 elapsed_ms=0 lat=41.86621 lon=35.12424 nearest_km=17.5 violations=[]
2026-05-10 09:52:09 [info     ] ourairports_fetch_ok           airport_count=0 elapsed_ms=0 lat=36.85356 lon=35.89809 nearest_km=31.3 violations=[]
2026-05-10 09:52:09 [info     ] ourairports_fetch_ok           airport_count=0 elapsed_ms=0 lat=40.1 lon=27.65 nearest_km=34.9 violations=[]
[06:52:09] processed 250/361 | changes=0 | in_sync=250 | errors=0
2026-05-10 09:52:09 [info     ] ourairports_fetch_ok           airport_count=1 elapsed_ms=0 lat=36.416667 lon=35.883333 nearest_km=0.6 violations=['A1']
2026-05-10 09:52:09 [info     ] ourairports_fetch_ok           airport_count=2 elapsed_ms=0 lat=37.31 lon=27.78 nearest_km=12.3 violations=['A4']
2026-05-10 09:52:09 [info     ] ourairports_fetch_ok           airport_count=2 elapsed_ms=0 lat=40.343889 lon=26.683611 nearest_km=9.3 violations=[]
2026-05-10 09:52:09 [info     ] ourairports_fetch_ok           airport_count=2 elapsed_ms=0 lat=40.889 lon=35.597 nearest_km=9.1 violations=[]
2026-05-10 09:52:09 [info     ] ourairports_fetch_ok           airport_count=3 elapsed_ms=0 lat=38.77273 lon=26.94599 nearest_km=19.6 violations=[]
2026-05-10 09:52:09 [info     ] ourairports_fetch_ok           airport_count=0 elapsed_ms=0 lat=36.84343 lon=35.886929 nearest_km=30.7 violations=[]
2026-05-10 09:52:09 [info     ] ourairports_fetch_ok           airport_count=1 elapsed_ms=0 lat=37.0333 lon=35.8167 nearest_km=24.8 violations=[]
2026-05-10 09:52:09 [info     ] ourairports_fetch_ok           airport_count=1 elapsed_ms=0 lat=36.780693 lon=35.735779 nearest_km=23.4 violations=[]
2026-05-10 09:52:09 [info     ] ourairports_fetch_ok           airport_count=0 elapsed_ms=0 lat=40.08 lon=27.168 nearest_km=56.6 violations=[]
2026-05-10 09:52:09 [info     ] ourairports_fetch_ok           airport_count=1 elapsed_ms=0 lat=41.723 lon=32.349 nearest_km=10.3 violations=[]
2026-05-10 09:52:09 [info     ] ourairports_fetch_ok           airport_count=0 elapsed_ms=0 lat=40.39953 lon=27.04973 nearest_km=31.4 violations=[]
2026-05-10 09:52:09 [info     ] ourairports_fetch_ok           airport_count=0 elapsed_ms=0 lat=40.4438 lon=27.13067 nearest_km=32.4 violations=[]
2026-05-10 09:52:09 [info     ] ourairports_fetch_ok           airport_count=0 elapsed_ms=0 lat=38.26 lon=31.91 nearest_km=65.0 violations=[]
2026-05-10 09:52:09 [info     ] ourairports_fetch_ok           airport_count=1 elapsed_ms=0 lat=39.79 lon=26.3325 nearest_km=29.3 violations=[]
2026-05-10 09:52:09 [info     ] ourairports_fetch_ok           airport_count=0 elapsed_ms=0 lat=36.83502 lon=35.879104 nearest_km=30.4 violations=[]
2026-05-10 09:52:09 [info     ] ourairports_fetch_ok           airport_count=5 elapsed_ms=0 lat=36.587 lon=36.173 nearest_km=0.9 violations=['A1']
2026-05-10 09:52:09 [info     ] ourairports_fetch_ok           airport_count=3 elapsed_ms=0 lat=38.74173 lon=26.92917 nearest_km=16.7 violations=[]
2026-05-10 09:52:09 [info     ] ourairports_fetch_ok           airport_count=1 elapsed_ms=0 lat=37.0333 lon=35.8167 nearest_km=24.8 violations=[]
2026-05-10 09:52:09 [info     ] ourairports_fetch_ok           airport_count=0 elapsed_ms=0 lat=38.350818 lon=37.00706 nearest_km=90.4 violations=[]
2026-05-10 09:52:09 [info     ] ourairports_fetch_ok           airport_count=2 elapsed_ms=0 lat=41.33935 lon=31.51114 nearest_km=10.6 violations=[]
2026-05-10 09:52:09 [info     ] ourairports_fetch_ok           airport_count=0 elapsed_ms=0 lat=39.07743 lon=37.29562 nearest_km=74.2 violations=[]
2026-05-10 09:52:09 [info     ] ourairports_fetch_ok           airport_count=0 elapsed_ms=0 lat=39.077483 lon=37.294973 nearest_km=74.2 violations=[]
2026-05-10 09:52:09 [info     ] ourairports_fetch_ok           airport_count=2 elapsed_ms=0 lat=40.446 lon=27.287 nearest_km=20.5 violations=[]
2026-05-10 09:52:09 [info     ] ourairports_fetch_ok           airport_count=0 elapsed_ms=0 lat=37.716 lon=33.554 nearest_km=70.1 violations=[]
2026-05-10 09:52:09 [info     ] ourairports_fetch_ok           airport_count=2 elapsed_ms=0 lat=41.514274 lon=31.909608 nearest_km=1.1 violations=['A1']
2026-05-10 09:52:09 [info     ] ourairports_fetch_ok           airport_count=1 elapsed_ms=0 lat=37.035362 lon=27.900592 nearest_km=23.6 violations=[]
2026-05-10 09:52:09 [info     ] ourairports_fetch_ok           airport_count=0 elapsed_ms=0 lat=36.82786 lon=35.87151 nearest_km=30.1 violations=[]
2026-05-10 09:52:09 [info     ] ourairports_fetch_ok           airport_count=1 elapsed_ms=0 lat=37.767197 lon=27.445695 nearest_km=22.8 violations=[]
2026-05-10 09:52:09 [info     ] ourairports_fetch_ok           airport_count=1 elapsed_ms=0 lat=40.38227 lon=26.99455 nearest_km=27.0 violations=[]
2026-05-10 09:52:09 [info     ] ourairports_fetch_ok           airport_count=2 elapsed_ms=0 lat=41.368944 lon=31.587836 nearest_km=17.7 violations=[]
2026-05-10 09:52:09 [info     ] ourairports_fetch_ok           airport_count=1 elapsed_ms=0 lat=39.084 lon=27.45 nearest_km=26.0 violations=[]
2026-05-10 09:52:09 [info     ] ourairports_fetch_ok           airport_count=0 elapsed_ms=0 lat=36.34 lon=33.4 nearest_km=50.0 violations=[]
2026-05-10 09:52:09 [info     ] ourairports_fetch_ok           airport_count=0 elapsed_ms=0 lat=37.614187 lon=33.591193 nearest_km=80.1 violations=[]
2026-05-10 09:52:09 [info     ] ourairports_fetch_ok           airport_count=0 elapsed_ms=0 lat=39.8 lon=29.61 nearest_km=43.4 violations=[]
2026-05-10 09:52:09 [info     ] ourairports_fetch_ok           airport_count=1 elapsed_ms=0 lat=40.892 lon=26.901 nearest_km=27.4 violations=[]
2026-05-10 09:52:09 [info     ] ourairports_fetch_ok           airport_count=2 elapsed_ms=0 lat=40.972709 lon=27.876831 nearest_km=18.7 violations=[]
2026-05-10 09:52:09 [info     ] ourairports_fetch_ok           airport_count=0 elapsed_ms=0 lat=36.33 lon=33.4 nearest_km=49.4 violations=[]
2026-05-10 09:52:09 [info     ] ourairports_fetch_ok           airport_count=3 elapsed_ms=0 lat=36.953333 lon=36.203333 nearest_km=11.0 violations=[]
2026-05-10 09:52:09 [info     ] ourairports_fetch_ok           airport_count=0 elapsed_ms=0 lat=36.24 lon=33.75 nearest_km=75.0 violations=[]
2026-05-10 09:52:09 [info     ] ourairports_fetch_ok           airport_count=1 elapsed_ms=0 lat=36.843 lon=35.86 nearest_km=28.5 violations=[]
2026-05-10 09:52:09 [info     ] ourairports_fetch_ok           airport_count=2 elapsed_ms=0 lat=37.15 lon=27.805 nearest_km=12.0 violations=[]
2026-05-10 09:52:09 [info     ] ourairports_fetch_ok           airport_count=2 elapsed_ms=0 lat=40.343889 lon=26.683611 nearest_km=9.3 violations=[]
2026-05-10 09:52:09 [info     ] ourairports_fetch_ok           airport_count=2 elapsed_ms=0 lat=40.458066 lon=27.254994 nearest_km=22.1 violations=[]
2026-05-10 09:52:09 [info     ] ourairports_fetch_ok           airport_count=0 elapsed_ms=0 lat=39.950224 lon=28.870214 nearest_km=30.2 violations=[]
2026-05-10 09:52:09 [info     ] ourairports_fetch_ok           airport_count=0 elapsed_ms=0 lat=40.623886 lon=33.112751 nearest_km=55.0 violations=[]
2026-05-10 09:52:09 [info     ] ourairports_fetch_ok           airport_count=1 elapsed_ms=0 lat=38.795 lon=26.970278 nearest_km=22.8 violations=[]
2026-05-10 09:52:09 [info     ] ourairports_fetch_ok           airport_count=0 elapsed_ms=0 lat=39.616008 lon=29.442904 nearest_km=48.9 violations=[]
2026-05-10 09:52:09 [info     ] ourairports_fetch_ok           airport_count=3 elapsed_ms=0 lat=41.519 lon=32.094 nearest_km=1.5 violations=['A1', 'A2']
2026-05-10 09:52:09 [info     ] ourairports_fetch_ok           airport_count=0 elapsed_ms=0 lat=37.819719 lon=37.718512 nearest_km=66.7 violations=[]
2026-05-10 09:52:09 [info     ] ourairports_fetch_ok           airport_count=0 elapsed_ms=0 lat=36.876 lon=35.894 nearest_km=30.2 violations=[]
[06:52:09] processed 300/361 | changes=0 | in_sync=300 | errors=0
2026-05-10 09:52:09 [info     ] ourairports_fetch_ok           airport_count=1 elapsed_ms=0 lat=41.445 lon=27.921 nearest_km=15.2 violations=[]
2026-05-10 09:52:09 [info     ] ourairports_fetch_ok           airport_count=0 elapsed_ms=0 lat=37.368333 lon=35.706111 nearest_km=34.8 violations=[]
2026-05-10 09:52:09 [info     ] ourairports_fetch_ok           airport_count=1 elapsed_ms=0 lat=36.843 lon=35.86 nearest_km=28.5 violations=[]
2026-05-10 09:52:09 [info     ] ourairports_fetch_ok           airport_count=3 elapsed_ms=0 lat=36.921472 lon=36.04753 nearest_km=18.8 violations=[]
2026-05-10 09:52:09 [info     ] ourairports_fetch_ok           airport_count=1 elapsed_ms=0 lat=40.395 lon=26.792 nearest_km=10.0 violations=[]
2026-05-10 09:52:09 [info     ] ourairports_fetch_ok           airport_count=2 elapsed_ms=0 lat=39.572967 lon=29.88164 nearest_km=17.6 violations=[]
2026-05-10 09:52:09 [info     ] ourairports_fetch_ok           airport_count=0 elapsed_ms=0 lat=37.352619 lon=42.552728 nearest_km=33.9 violations=[]
2026-05-10 09:52:09 [info     ] ourairports_fetch_ok           airport_count=1 elapsed_ms=0 lat=41.953 lon=34.83 nearest_km=21.3 violations=[]
2026-05-10 09:52:09 [info     ] ourairports_fetch_ok           airport_count=0 elapsed_ms=0 lat=37.468 lon=42.391 nearest_km=31.6 violations=[]
2026-05-10 09:52:09 [info     ] ourairports_fetch_ok           airport_count=0 elapsed_ms=0 lat=37.310025 lon=42.594696 nearest_km=34.9 violations=[]
2026-05-10 09:52:09 [info     ] ourairports_fetch_ok           airport_count=0 elapsed_ms=0 lat=39.316608 lon=27.748899 nearest_km=35.1 violations=[]
2026-05-10 09:52:09 [info     ] ourairports_fetch_ok           airport_count=0 elapsed_ms=0 lat=39.194462 lon=27.635204 nearest_km=30.5 violations=[]
2026-05-10 09:52:09 [info     ] ourairports_fetch_ok           airport_count=1 elapsed_ms=0 lat=38.817 lon=26.9103 nearest_km=20.5 violations=[]
2026-05-10 09:52:09 [info     ] ourairports_fetch_ok           airport_count=2 elapsed_ms=0 lat=40.859186 lon=35.651886 nearest_km=11.4 violations=[]
2026-05-10 09:52:09 [info     ] ourairports_fetch_ok           airport_count=0 elapsed_ms=0 lat=40.638726 lon=27.004295 nearest_km=36.0 violations=[]
2026-05-10 09:52:09 [info     ] ourairports_fetch_ok           airport_count=0 elapsed_ms=0 lat=38.2299 lon=36.2481 nearest_km=81.0 violations=[]
2026-05-10 09:52:09 [info     ] ourairports_fetch_ok           airport_count=4 elapsed_ms=0 lat=36.6971 lon=36.2042 nearest_km=2.0 violations=[]
2026-05-10 09:52:09 [info     ] ourairports_fetch_ok           airport_count=0 elapsed_ms=0 lat=41.948092 lon=28.04148 nearest_km=44.4 violations=[]
2026-05-10 09:52:09 [info     ] ourairports_fetch_ok           airport_count=0 elapsed_ms=0 lat=38.18562 lon=36.26994 nearest_km=85.6 violations=[]
2026-05-10 09:52:09 [info     ] ourairports_fetch_ok           airport_count=0 elapsed_ms=0 lat=39.619778 lon=29.465881 nearest_km=47.3 violations=[]
2026-05-10 09:52:09 [info     ] ourairports_fetch_ok           airport_count=0 elapsed_ms=0 lat=38.199984 lon=30.27055 nearest_km=38.1 violations=[]
2026-05-10 09:52:09 [info     ] ourairports_fetch_ok           airport_count=0 elapsed_ms=0 lat=41.133 lon=37.156 nearest_km=51.0 violations=[]
2026-05-10 09:52:09 [info     ] ourairports_fetch_ok           airport_count=1 elapsed_ms=0 lat=41.572996 lon=27.811652 nearest_km=26.0 violations=[]
2026-05-10 09:52:09 [info     ] ourairports_fetch_ok           airport_count=1 elapsed_ms=0 lat=37.330905 lon=28.102377 nearest_km=29.8 violations=[]
2026-05-10 09:52:09 [info     ] ourairports_fetch_ok           airport_count=0 elapsed_ms=0 lat=37.458403 lon=28.674831 nearest_km=42.4 violations=[]
2026-05-10 09:52:09 [info     ] ourairports_fetch_ok           airport_count=2 elapsed_ms=0 lat=37.14019 lon=27.87154 nearest_km=17.9 violations=[]
2026-05-10 09:52:09 [info     ] ourairports_fetch_ok           airport_count=3 elapsed_ms=0 lat=36.886 lon=36.151 nearest_km=18.6 violations=[]
2026-05-10 09:52:09 [info     ] ourairports_fetch_ok           airport_count=0 elapsed_ms=0 lat=36.200611 lon=33.663742 nearest_km=66.6 violations=[]
2026-05-10 09:52:09 [info     ] ourairports_fetch_ok           airport_count=0 elapsed_ms=0 lat=38.662 lon=39.772 nearest_km=43.0 violations=[]
2026-05-10 09:52:09 [info     ] ourairports_fetch_ok           airport_count=0 elapsed_ms=0 lat=37.368333 lon=35.706111 nearest_km=34.8 violations=[]
2026-05-10 09:52:09 [info     ] ourairports_fetch_ok           airport_count=1 elapsed_ms=0 lat=36.77 lon=35.79 nearest_km=27.6 violations=[]
2026-05-10 09:52:09 [info     ] ourairports_fetch_ok           airport_count=0 elapsed_ms=0 lat=39.984309 lon=31.635639 nearest_km=59.0 violations=[]
2026-05-10 09:52:09 [info     ] ourairports_fetch_ok           airport_count=1 elapsed_ms=0 lat=41.604444 lon=32.511111 nearest_km=24.2 violations=[]
2026-05-10 09:52:09 [info     ] ourairports_fetch_ok           airport_count=2 elapsed_ms=0 lat=41.507471 lon=31.894912 nearest_km=1.4 violations=['A1']
2026-05-10 09:52:09 [info     ] ourairports_fetch_ok           airport_count=2 elapsed_ms=0 lat=41.498 lon=31.868 nearest_km=3.5 violations=[]
2026-05-10 09:52:09 [info     ] ourairports_fetch_ok           airport_count=1 elapsed_ms=0 lat=41.087 lon=31.12 nearest_km=27.1 violations=[]
2026-05-10 09:52:09 [info     ] ourairports_fetch_ok           airport_count=0 elapsed_ms=0 lat=39.186 lon=27.608 nearest_km=31.5 violations=[]
2026-05-10 09:52:09 [info     ] ourairports_fetch_ok           airport_count=1 elapsed_ms=0 lat=49.210383 lon=24.666536 nearest_km=17.1 violations=[]
2026-05-10 09:52:09 [info     ] ourairports_fetch_ok           airport_count=1 elapsed_ms=0 lat=49.390543 lon=32.067372 nearest_km=5.9 violations=['A2']
2026-05-10 09:52:09 [info     ] ourairports_fetch_ok           airport_count=1 elapsed_ms=0 lat=51.45496 lon=31.260173 nearest_km=10.8 violations=[]
2026-05-10 09:52:09 [info     ] ourairports_fetch_ok           airport_count=10 elapsed_ms=0 lat=50.447771 lon=30.642949 nearest_km=5.4 violations=[]
2026-05-10 09:52:09 [info     ] ourairports_fetch_ok           airport_count=1 elapsed_ms=0 lat=50.214293 lon=24.374654 nearest_km=29.7 violations=[]
2026-05-10 09:52:09 [info     ] ourairports_fetch_ok           airport_count=0 elapsed_ms=0 lat=49.07049 lon=24.318522 nearest_km=33.4 violations=[]
2026-05-10 09:52:09 [info     ] ourairports_fetch_ok           airport_count=1 elapsed_ms=0 lat=48.747705 lon=37.572339 nearest_km=6.3 violations=[]
2026-05-10 09:52:09 [info     ] ourairports_fetch_ok           airport_count=1 elapsed_ms=0 lat=47.543204 lon=33.659513 nearest_km=14.6 violations=[]
2026-05-10 09:52:09 [info     ] ourairports_fetch_ok           airport_count=0 elapsed_ms=0 lat=47.994514 lon=37.237077 nearest_km=39.5 violations=[]
2026-05-10 09:52:09 [info     ] ourairports_fetch_ok           airport_count=1 elapsed_ms=0 lat=48.705825 lon=29.218668 nearest_km=15.8 violations=[]
2026-05-10 09:52:09 [info     ] ourairports_fetch_ok           airport_count=2 elapsed_ms=0 lat=48.749346 lon=39.261917 nearest_km=24.8 violations=[]
2026-05-10 09:52:09 [info     ] ourairports_fetch_ok           airport_count=0 elapsed_ms=0 lat=48.479778 lon=38.284834 nearest_km=33.9 violations=[]
2026-05-10 09:52:09 [info     ] ourairports_fetch_ok           airport_count=3 elapsed_ms=0 lat=48.405291 lon=35.111749 nearest_km=5.4 violations=['A2']
[06:52:09] processed 350/361 | changes=0 | in_sync=350 | errors=0
2026-05-10 09:52:09 [info     ] ourairports_fetch_ok           airport_count=1 elapsed_ms=0 lat=48.870681 lon=37.765621 nearest_km=20.7 violations=[]
2026-05-10 09:52:09 [info     ] ourairports_fetch_ok           airport_count=1 elapsed_ms=0 lat=47.800786 lon=38.005422 nearest_km=8.4 violations=[]
2026-05-10 09:52:09 [info     ] ourairports_fetch_ok           airport_count=2 elapsed_ms=0 lat=50.133377 lon=30.74667 nearest_km=25.8 violations=[]
2026-05-10 09:52:09 [info     ] ourairports_fetch_ok           airport_count=0 elapsed_ms=0 lat=48.464745 lon=38.20266 nearest_km=31.7 violations=[]
2026-05-10 09:52:09 [info     ] ourairports_fetch_ok           airport_count=0 elapsed_ms=0 lat=47.507238 lon=34.625478 nearest_km=52.1 violations=[]
2026-05-10 09:52:09 [info     ] ourairports_fetch_ok           airport_count=1 elapsed_ms=0 lat=49.586013 lon=36.523875 nearest_km=29.3 violations=[]
2026-05-10 09:52:09 [info     ] ourairports_fetch_ok           airport_count=3 elapsed_ms=0 lat=48.034804 lon=38.285213 nearest_km=17.2 violations=[]
2026-05-10 09:52:09 [info     ] ourairports_fetch_ok           airport_count=2 elapsed_ms=0 lat=42.783333 lon=20.483333 nearest_km=5.6 violations=[]
2026-05-10 09:52:09 [info     ] ourairports_fetch_ok           airport_count=5 elapsed_ms=0 lat=42.676454 lon=21.085922 nearest_km=4.7 violations=['A4']
2026-05-10 09:52:09 [info     ] ourairports_fetch_ok           airport_count=5 elapsed_ms=0 lat=42.69312 lon=21.056002 nearest_km=7.7 violations=['A4']
2026-05-10 09:52:09 [info     ] ourairports_fetch_ok           airport_count=4 elapsed_ms=0 lat=42.666667 lon=21.166667 nearest_km=2.1 violations=['A4']

[06:52:09] === Preview complete ===
[06:52:09] changes=0 in_sync=361 errors=0
[06:52:09]   nearest_airport_km                         would change on 0 sites
[06:52:09]   nearest_airport_name                       would change on 0 sites
[06:52:09]   nearest_airport_type                       would change on 0 sites
[06:52:09]   nearest_airport_class                      would change on 0 sites
[06:52:09]   nearest_airport_runway_length_m            would change on 0 sites
[06:52:09]   nearest_airport_scheduled_service          would change on 0 sites
[06:52:09]   flight_path_distance_km                    would change on 0 sites
[06:52:09]   airport_count                              would change on 0 sites
[06:52:09]   hi01_quality                               would change on 0 sites
[06:52:09] JSONL:  logs/hi01_preview_all.jsonl
[06:52:09] Report: audit/post_processing/hi01_preview/hi01_preview_report.md
