2026-05-10 08:15:49 [info     ] fix04_batch_start              dry_run=False requery_nulls=False run_id=fix04_20260510_051549

FIX-04 OSM avoidance batch — 22 sites, run_id=fix04_20260510_051549
   #  Country  Site                                        Military     HV line    Transmit
-----------------------------------------------------------------------------------------------
2026-05-10 08:15:50 [info     ] osm_query_ok                   elapsed_ms=778 element_count=129
   1       RO  Arad power station                            cached      1.3 km      cached
2026-05-10 08:16:04 [info     ] osm_query_ok                   elapsed_ms=1027 element_count=148
   2       RO  Bacau CHP power station                       cached      0.4 km      cached
2026-05-10 08:16:18 [info     ] osm_query_ok                   elapsed_ms=921 element_count=274
   3       RO  Braila power station                          cached      2.5 km      cached
2026-05-10 08:16:31 [info     ] osm_query_ok                   elapsed_ms=3031 element_count=186
   4       RO  Brasov power station                          cached      0.4 km      cached
2026-05-10 08:16:45 [info     ] osm_query_ok                   elapsed_ms=1592 element_count=416
   5       RO  Bucharest North East power station            cached      4.1 km      cached
2026-05-10 08:16:56 [info     ] osm_query_ok                   elapsed_ms=1383 element_count=166
   6       RO  Craiova II power station                      cached      1.9 km      cached
2026-05-10 08:17:09 [info     ] osm_query_ok                   elapsed_ms=1586 element_count=217
   7       RO  Doicesti power station                        cached      0.3 km      cached
2026-05-10 08:17:19 [info     ] osm_query_ok                   elapsed_ms=1183 element_count=184
   8       RO  FPCU Feldioara                                cached      3.3 km      cached
2026-05-10 08:17:35 [info     ] osm_query_ok                   elapsed_ms=1108 element_count=551
   9       RO  Galati Power Station                          cached      2.6 km      cached
2026-05-10 08:17:48 [info     ] osm_query_ok                   elapsed_ms=983 element_count=155
  10       RO  Giurgiu power station                         cached      0.7 km      cached
2026-05-10 08:17:59 [info     ] osm_query_ok                   elapsed_ms=1412 element_count=127
  11       RO  Govora power station                          cached      0.8 km      cached
2026-05-10 08:18:10 [info     ] osm_query_ok                   elapsed_ms=1615 element_count=1140
  12       RO  Iasi-2 power station                          cached      2.2 km      cached
2026-05-10 08:18:24 [info     ] osm_query_ok                   elapsed_ms=998 element_count=134
  13       RO  Isalnita power station                        cached      0.3 km      cached
2026-05-10 08:18:37 [info     ] osm_query_ok                   elapsed_ms=974 element_count=142
  14       RO  Mintia-Deva power station                     cached      0.3 km      cached
2026-05-10 08:18:49 [info     ] osm_query_ok                   elapsed_ms=1072 element_count=132
  15       RO  Oradea power station                          cached      0.3 km      cached
2026-05-10 08:19:03 [info     ] osm_query_ok                   elapsed_ms=1214 element_count=177
  16       RO  Paroseni power station                        cached      0.3 km      cached
2026-05-10 08:19:14 [info     ] osm_query_ok                   elapsed_ms=1050 element_count=193
  17       RO  Romag Termo power station                     cached      1.0 km      cached
2026-05-10 08:19:26 [info     ] osm_query_ok                   elapsed_ms=936 element_count=209
  18       RO  Rovinari power station                        cached      0.4 km      cached
2026-05-10 08:19:36 [info     ] osm_query_ok                   elapsed_ms=1315 element_count=145
  19       RO  Slatina power station                         cached      1.5 km      cached
2026-05-10 08:19:52 [info     ] osm_query_ok                   elapsed_ms=879 element_count=109
  20       RO  Suceava power station                         cached      0.8 km      cached
2026-05-10 08:20:08 [info     ] osm_query_ok                   elapsed_ms=1283 element_count=172
  21       RO  Târgu Jiu Thermal Plant                       cached      1.6 km      cached
2026-05-10 08:20:20 [info     ] osm_query_ok                   elapsed_ms=1283 element_count=150
  22       RO  Turceni power station                         cached      0.6 km      cached

===============================================================================================
FIX-04 complete in 4.7 min | run_id=fix04_20260510_051549
  Military:     0 processed, 22 cached, 0 errors
  Power:        22 processed, 0 cached, 0 errors
  Transmitters: 0 processed, 22 cached, 0 errors
===============================================================================================
2026-05-10 08:20:30 [info     ] fix04_batch_done               elapsed_s=280.6 mil_err=0 mil_ok=0 mil_skip=22 pwr_err=0 pwr_ok=22 pwr_skip=0 run_id=fix04_20260510_051549 total_sites=22 tx_err=0 tx_ok=0 tx_skip=22
