{"run_id": "p16_20260425T141705_5037b797", "run_kind": "sensitivity", "parent_run_id": null, "event": "run_started", "level": "info", "timestamp": "2026-04-25T14:17:05.551934Z"}
{"pairs": 2904, "profile": "baseline", "baseline_run_id": "20260425T140231_ff84d75e", "event": "sensitivity_pairs_loaded", "run_id": "p16_20260425T141705_5037b797", "level": "info", "timestamp": "2026-04-25T14:17:08.802723Z"}
{"pairs": 208, "criteria": 48, "event": "oat_importance_complete", "run_id": "p16_20260425T141705_5037b797", "level": "info", "timestamp": "2026-04-25T14:17:10.183710Z"}
OAT importance (zero-out per criterion) ━━━━━━━━━━━━━━━━━━━━━ 100% 48/48 0:00:00

{"criteria": 48, "csv_path": "audit/post_processing/06_scoring/20260425_oat_importance.csv", "event": "oat_stage_complete", "run_id": "p16_20260425T141705_5037b797", "level": "info", "timestamp": "2026-04-25T14:17:10.232349Z"}
{"pairs": 2904, "profile": "baseline", "baseline_run_id": "20260425T140231_ff84d75e", "event": "sensitivity_pairs_loaded", "run_id": "p16_20260425T141705_5037b797", "level": "info", "timestamp": "2026-04-25T14:17:13.662014Z"}
{"pairs": 2904, "profiles": ["w_NH_plus_20", "w_NH_minus_20", "w_HI_plus_20", "w_HI_minus_20", "w_RI_plus_20", "w_RI_minus_20", "w_EP_plus_20", "w_EP_minus_20", "w_NS_plus_20", "w_NS_minus_20", "w_swing"], "event": "weight_sensitivity_complete", "run_id": "p16_20260425T141705_5037b797", "level": "info", "timestamp": "2026-04-25T14:17:14.189952Z"}
{"pairs": 2904, "iterations": 10000, "preset": null, "event": "monte_carlo_complete", "run_id": "p16_20260425T141705_5037b797", "level": "info", "timestamp": "2026-04-25T14:18:27.879190Z"}
Monte Carlo (10000 draws) ━━━━━━━━━━━━━━━━━━━━━━━━━━━━━━━ 100% 2904/2904 0:00:00

{"direction": "threshold_minus_25", "factor": 0.75, "pairs": 2904, "event": "threshold_sensitivity_direction_complete", "run_id": "p16_20260425T141705_5037b797", "level": "info", "timestamp": "2026-04-25T14:18:38.930584Z"}
{"direction": "threshold_plus_25", "factor": 1.25, "pairs": 2904, "event": "threshold_sensitivity_direction_complete", "run_id": "p16_20260425T141705_5037b797", "level": "info", "timestamp": "2026-04-25T14:18:47.780642Z"}
{"directions": ["threshold_minus_25", "threshold_plus_25"], "event": "threshold_sensitivity_complete", "run_id": "p16_20260425T141705_5037b797", "level": "info", "timestamp": "2026-04-25T14:18:47.786551Z"}
Threshold ±25 ━━━━━━━━━━━━━━━━━━━━━━━━━━━━━━━━━━━━━━━━ 100% 5808/5808 0:00:00

{"path": "audit/post_processing/06_scoring/20260425_sensitivity_mc_10000.md", "event": "sensitivity_audit_written", "run_id": "p16_20260425T141705_5037b797", "level": "info", "timestamp": "2026-04-25T14:18:49.494480Z"}
{"run_id": "p16_20260425T141705_5037b797", "pairs": 2904, "iterations": 10000, "preset": null, "weight_rows": 31944, "mc_rows": 2904, "country_rows": 2904, "threshold_rows": 5808, "event": "sensitivity_suite_complete", "level": "info", "timestamp": "2026-04-25T14:18:49.494516Z"}
{"sites": 257, "band_counts": {"A": 5, "B": 3, "C": 1, "D": 31, "E": 1, "F": 2, "G": 3, "H": 211}, "csv_path": "audit/post_processing/06_scoring/20260425b_site_bands.csv", "smr_filter": null, "country_filter": null, "event": "banding_stage_complete", "run_id": "p16_20260425T141705_5037b797", "level": "info", "timestamp": "2026-04-25T14:18:50.724862Z"}
{"sites": 257, "band_counts": {"A": 5, "B": 3, "C": 1, "D": 31, "E": 1, "F": 2, "G": 3, "H": 211}, "csv_path": "audit/post_processing/06_scoring/20260425b_site_bands_nuscale_voygr6.csv", "smr_filter": "nuscale_voygr6", "country_filter": null, "event": "banding_stage_complete", "run_id": "p16_20260425T141705_5037b797", "level": "info", "timestamp": "2026-04-25T14:18:51.662014Z"}
{"sites": 257, "band_counts": {"A": 5, "B": 3, "C": 1, "D": 31, "E": 1, "F": 2, "G": 3, "H": 211}, "csv_path": "audit/post_processing/06_scoring/20260425b_site_bands_oklo_aurora.csv", "smr_filter": "oklo_aurora", "country_filter": null, "event": "banding_stage_complete", "run_id": "p16_20260425T141705_5037b797", "level": "info", "timestamp": "2026-04-25T14:18:51.883103Z"}
{"sites": 257, "band_counts": {"A": 5, "B": 3, "C": 1, "D": 31, "E": 1, "F": 2, "G": 3, "H": 211}, "csv_path": "audit/post_processing/06_scoring/20260425b_site_bands_xe_100.csv", "smr_filter": "xe_100", "country_filter": null, "event": "banding_stage_complete", "run_id": "p16_20260425T141705_5037b797", "level": "info", "timestamp": "2026-04-25T14:18:52.134801Z"}
{"sites": 257, "band_counts": {"A": 5, "B": 3, "C": 1, "D": 31, "E": 1, "F": 2, "G": 3, "H": 211}, "csv_path": "audit/post_processing/06_scoring/20260425b_site_bands_bwrx_300.csv", "smr_filter": "bwrx_300", "country_filter": null, "event": "banding_stage_complete", "run_id": "p16_20260425T141705_5037b797", "level": "info", "timestamp": "2026-04-25T14:18:52.352514Z"}
{"sites": 257, "band_counts": {"A": 5, "B": 3, "C": 1, "D": 31, "E": 1, "F": 2, "G": 3, "H": 211}, "csv_path": "audit/post_processing/06_scoring/20260425b_site_bands_holtec_smr300.csv", "smr_filter": "holtec_smr300", "country_filter": null, "event": "banding_stage_complete", "run_id": "p16_20260425T141705_5037b797", "level": "info", "timestamp": "2026-04-25T14:18:52.583305Z"}
{"sites": 257, "band_counts": {"A": 5, "B": 3, "C": 1, "D": 31, "E": 1, "F": 2, "G": 3, "H": 211}, "csv_path": "audit/post_processing/06_scoring/20260425b_site_bands_natrium_nominal.csv", "smr_filter": "natrium_nominal", "country_filter": null, "event": "banding_stage_complete", "run_id": "p16_20260425T141705_5037b797", "level": "info", "timestamp": "2026-04-25T14:18:52.839253Z"}
{"sites": 257, "band_counts": {"A": 5, "B": 3, "C": 1, "D": 31, "E": 1, "F": 2, "G": 3, "H": 211}, "csv_path": "audit/post_processing/06_scoring/20260425b_site_bands_rolls_royce_smr.csv", "smr_filter": "rolls_royce_smr", "country_filter": null, "event": "banding_stage_complete", "run_id": "p16_20260425T141705_5037b797", "level": "info", "timestamp": "2026-04-25T14:18:53.056508Z"}
{"sites": 257, "band_counts": {"A": 5, "B": 3, "C": 1, "D": 31, "E": 1, "F": 2, "G": 3, "H": 211}, "csv_path": "audit/post_processing/06_scoring/20260425b_site_bands_natrium_peak.csv", "smr_filter": "natrium_peak", "country_filter": null, "event": "banding_stage_complete", "run_id": "p16_20260425T141705_5037b797", "level": "info", "timestamp": "2026-04-25T14:18:53.263387Z"}
{"sites": 257, "countries": 17, "event": "extended_stages_regional_done", "run_id": "p16_20260425T141705_5037b797", "level": "info", "timestamp": "2026-04-25T14:18:53.410854Z"}
{"sites": 6, "band_counts": {"C": 1, "E": 1, "G": 3, "H": 1}, "csv_path": "audit/post_processing/06_scoring/20260425b_site_bands_AT.csv", "smr_filter": null, "country_filter": "AT", "event": "banding_stage_complete", "run_id": "p16_20260425T141705_5037b797", "level": "info", "timestamp": "2026-04-25T14:18:53.456050Z"}
{"sites": 6, "band_counts": {"C": 1, "D": 1, "G": 1, "H": 3}, "csv_path": "audit/post_processing/06_scoring/20260425b_site_bands_BA.csv", "smr_filter": null, "country_filter": "BA", "event": "banding_stage_complete", "run_id": "p16_20260425T141705_5037b797", "level": "info", "timestamp": "2026-04-25T14:18:53.515277Z"}
{"sites": 7, "band_counts": {"A": 1, "D": 1, "H": 5}, "csv_path": "audit/post_processing/06_scoring/20260425b_site_bands_BG.csv", "smr_filter": null, "country_filter": "BG", "event": "banding_stage_complete", "run_id": "p16_20260425T141705_5037b797", "level": "info", "timestamp": "2026-04-25T14:18:53.580211Z"}
{"sites": 2, "band_counts": {"A": 1, "H": 1}, "csv_path": "audit/post_processing/06_scoring/20260425b_site_bands_BY.csv", "smr_filter": null, "country_filter": "BY", "event": "banding_stage_complete", "run_id": "p16_20260425T141705_5037b797", "level": "info", "timestamp": "2026-04-25T14:18:53.649936Z"}
{"sites": 23, "band_counts": {"A": 2, "B": 1, "D": 4, "G": 1, "H": 15}, "csv_path": "audit/post_processing/06_scoring/20260425b_site_bands_CZ.csv", "smr_filter": null, "country_filter": "CZ", "event": "banding_stage_complete", "run_id": "p16_20260425T141705_5037b797", "level": "info", "timestamp": "2026-04-25T14:18:53.709960Z"}
{"sites": 1, "band_counts": {"A": 1}, "csv_path": "audit/post_processing/06_scoring/20260425b_site_bands_HR.csv", "smr_filter": null, "country_filter": "HR", "event": "banding_stage_complete", "run_id": "p16_20260425T141705_5037b797", "level": "info", "timestamp": "2026-04-25T14:18:53.811351Z"}
{"sites": 10, "band_counts": {"A": 1, "D": 2, "H": 7}, "csv_path": "audit/post_processing/06_scoring/20260425b_site_bands_HU.csv", "smr_filter": null, "country_filter": "HU", "event": "banding_stage_complete", "run_id": "p16_20260425T141705_5037b797", "level": "info", "timestamp": "2026-04-25T14:18:53.842731Z"}
{"sites": 1, "band_counts": {"A": 1}, "csv_path": "audit/post_processing/06_scoring/20260425b_site_bands_LV.csv", "smr_filter": null, "country_filter": "LV", "event": "banding_stage_complete", "run_id": "p16_20260425T141705_5037b797", "level": "info", "timestamp": "2026-04-25T14:18:53.873981Z"}
{"sites": 1, "band_counts": {"A": 1}, "csv_path": "audit/post_processing/06_scoring/20260425b_site_bands_MD.csv", "smr_filter": null, "country_filter": "MD", "event": "banding_stage_complete", "run_id": "p16_20260425T141705_5037b797", "level": "info", "timestamp": "2026-04-25T14:18:53.878432Z"}
{"sites": 1, "band_counts": {"A": 1}, "csv_path": "audit/post_processing/06_scoring/20260425b_site_bands_ME.csv", "smr_filter": null, "country_filter": "ME", "event": "banding_stage_complete", "run_id": "p16_20260425T141705_5037b797", "level": "info", "timestamp": "2026-04-25T14:18:53.885719Z"}
{"sites": 4, "band_counts": {"A": 1, "D": 1, "G": 1, "H": 1}, "csv_path": "audit/post_processing/06_scoring/20260425b_site_bands_MK.csv", "smr_filter": null, "country_filter": "MK", "event": "banding_stage_complete", "run_id": "p16_20260425T141705_5037b797", "level": "info", "timestamp": "2026-04-25T14:18:53.896566Z"}
{"sites": 41, "band_counts": {"A": 1, "B": 1, "D": 3, "H": 36}, "csv_path": "audit/post_processing/06_scoring/20260425b_site_bands_PL.csv", "smr_filter": null, "country_filter": "PL", "event": "banding_stage_complete", "run_id": "p16_20260425T141705_5037b797", "level": "info", "timestamp": "2026-04-25T14:18:54.045154Z"}
{"sites": 19, "band_counts": {"A": 1, "D": 2, "G": 1, "H": 15}, "csv_path": "audit/post_processing/06_scoring/20260425b_site_bands_RO.csv", "smr_filter": null, "country_filter": "RO", "event": "banding_stage_complete", "run_id": "p16_20260425T141705_5037b797", "level": "info", "timestamp": "2026-04-25T14:18:54.260058Z"}
{"sites": 7, "band_counts": {"A": 1, "H": 6}, "csv_path": "audit/post_processing/06_scoring/20260425b_site_bands_RS.csv", "smr_filter": null, "country_filter": "RS", "event": "banding_stage_complete", "run_id": "p16_20260425T141705_5037b797", "level": "info", "timestamp": "2026-04-25T14:18:54.375716Z"}
{"sites": 5, "band_counts": {"A": 1, "D": 1, "H": 3}, "csv_path": "audit/post_processing/06_scoring/20260425b_site_bands_SK.csv", "smr_filter": null, "country_filter": "SK", "event": "banding_stage_complete", "run_id": "p16_20260425T141705_5037b797", "level": "info", "timestamp": "2026-04-25T14:18:54.411576Z"}
{"sites": 106, "band_counts": {"A": 2, "B": 2, "D": 12, "G": 1, "H": 89}, "csv_path": "audit/post_processing/06_scoring/20260425b_site_bands_TR.csv", "smr_filter": null, "country_filter": "TR", "event": "banding_stage_complete", "run_id": "p16_20260425T141705_5037b797", "level": "info", "timestamp": "2026-04-25T14:18:54.719837Z"}
{"sites": 17, "band_counts": {"A": 1, "C": 1, "D": 3, "H": 12}, "csv_path": "audit/post_processing/06_scoring/20260425b_site_bands_UA.csv", "smr_filter": null, "country_filter": "UA", "event": "banding_stage_complete", "run_id": "p16_20260425T141705_5037b797", "level": "info", "timestamp": "2026-04-25T14:18:55.113751Z"}
{"sites": 6, "band_counts": {"C": 1, "G": 1, "H": 4}, "csv_path": "audit/post_processing/06_scoring/20260425b_site_bands_AT_nuscale_voygr6.csv", "smr_filter": "nuscale_voygr6", "country_filter": "AT", "event": "banding_stage_complete", "run_id": "p16_20260425T141705_5037b797", "level": "info", "timestamp": "2026-04-25T14:18:55.200669Z"}
{"sites": 6, "band_counts": {"C": 1, "G": 1, "H": 4}, "csv_path": "audit/post_processing/06_scoring/20260425b_site_bands_BA_nuscale_voygr6.csv", "smr_filter": "nuscale_voygr6", "country_filter": "BA", "event": "banding_stage_complete", "run_id": "p16_20260425T141705_5037b797", "level": "info", "timestamp": "2026-04-25T14:18:55.206646Z"}
{"sites": 7, "band_counts": {"A": 1, "D": 1, "H": 5}, "csv_path": "audit/post_processing/06_scoring/20260425b_site_bands_BG_nuscale_voygr6.csv", "smr_filter": "nuscale_voygr6", "country_filter": "BG", "event": "banding_stage_complete", "run_id": "p16_20260425T141705_5037b797", "level": "info", "timestamp": "2026-04-25T14:18:55.213246Z"}
{"sites": 2, "band_counts": {"A": 1, "H": 1}, "csv_path": "audit/post_processing/06_scoring/20260425b_site_bands_BY_nuscale_voygr6.csv", "smr_filter": "nuscale_voygr6", "country_filter": "BY", "event": "banding_stage_complete", "run_id": "p16_20260425T141705_5037b797", "level": "info", "timestamp": "2026-04-25T14:18:55.218135Z"}
{"sites": 23, "band_counts": {"A": 1, "B": 1, "D": 4, "H": 17}, "csv_path": "audit/post_processing/06_scoring/20260425b_site_bands_CZ_nuscale_voygr6.csv", "smr_filter": "nuscale_voygr6", "country_filter": "CZ", "event": "banding_stage_complete", "run_id": "p16_20260425T141705_5037b797", "level": "info", "timestamp": "2026-04-25T14:18:55.225953Z"}
{"sites": 1, "band_counts": {"A": 1}, "csv_path": "audit/post_processing/06_scoring/20260425b_site_bands_HR_nuscale_voygr6.csv", "smr_filter": "nuscale_voygr6", "country_filter": "HR", "event": "banding_stage_complete", "run_id": "p16_20260425T141705_5037b797", "level": "info", "timestamp": "2026-04-25T14:18:55.234078Z"}
{"sites": 10, "band_counts": {"A": 1, "D": 2, "H": 7}, "csv_path": "audit/post_processing/06_scoring/20260425b_site_bands_HU_nuscale_voygr6.csv", "smr_filter": "nuscale_voygr6", "country_filter": "HU", "event": "banding_stage_complete", "run_id": "p16_20260425T141705_5037b797", "level": "info", "timestamp": "2026-04-25T14:18:55.240077Z"}
{"sites": 1, "band_counts": {"A": 1}, "csv_path": "audit/post_processing/06_scoring/20260425b_site_bands_LV_nuscale_voygr6.csv", "smr_filter": "nuscale_voygr6", "country_filter": "LV", "event": "banding_stage_complete", "run_id": "p16_20260425T141705_5037b797", "level": "info", "timestamp": "2026-04-25T14:18:55.245841Z"}
{"sites": 1, "band_counts": {"A": 1}, "csv_path": "audit/post_processing/06_scoring/20260425b_site_bands_MD_nuscale_voygr6.csv", "smr_filter": "nuscale_voygr6", "country_filter": "MD", "event": "banding_stage_complete", "run_id": "p16_20260425T141705_5037b797", "level": "info", "timestamp": "2026-04-25T14:18:55.248904Z"}
{"sites": 1, "band_counts": {"A": 1}, "csv_path": "audit/post_processing/06_scoring/20260425b_site_bands_ME_nuscale_voygr6.csv", "smr_filter": "nuscale_voygr6", "country_filter": "ME", "event": "banding_stage_complete", "run_id": "p16_20260425T141705_5037b797", "level": "info", "timestamp": "2026-04-25T14:18:55.252943Z"}
{"sites": 4, "band_counts": {"A": 1, "H": 3}, "csv_path": "audit/post_processing/06_scoring/20260425b_site_bands_MK_nuscale_voygr6.csv", "smr_filter": "nuscale_voygr6", "country_filter": "MK", "event": "banding_stage_complete", "run_id": "p16_20260425T141705_5037b797", "level": "info", "timestamp": "2026-04-25T14:18:55.257584Z"}
{"sites": 41, "band_counts": {"A": 1, "B": 1, "D": 3, "H": 36}, "csv_path": "audit/post_processing/06_scoring/20260425b_site_bands_PL_nuscale_voygr6.csv", "smr_filter": "nuscale_voygr6", "country_filter": "PL", "event": "banding_stage_complete", "run_id": "p16_20260425T141705_5037b797", "level": "info", "timestamp": "2026-04-25T14:18:55.293689Z"}
{"sites": 19, "band_counts": {"A": 1, "D": 2, "G": 1, "H": 15}, "csv_path": "audit/post_processing/06_scoring/20260425b_site_bands_RO_nuscale_voygr6.csv", "smr_filter": "nuscale_voygr6", "country_filter": "RO", "event": "banding_stage_complete", "run_id": "p16_20260425T141705_5037b797", "level": "info", "timestamp": "2026-04-25T14:18:55.327666Z"}
{"sites": 7, "band_counts": {"A": 1, "H": 6}, "csv_path": "audit/post_processing/06_scoring/20260425b_site_bands_RS_nuscale_voygr6.csv", "smr_filter": "nuscale_voygr6", "country_filter": "RS", "event": "banding_stage_complete", "run_id": "p16_20260425T141705_5037b797", "level": "info", "timestamp": "2026-04-25T14:18:55.336723Z"}
{"sites": 5, "band_counts": {"A": 1, "H": 4}, "csv_path": "audit/post_processing/06_scoring/20260425b_site_bands_SK_nuscale_voygr6.csv", "smr_filter": "nuscale_voygr6", "country_filter": "SK", "event": "banding_stage_complete", "run_id": "p16_20260425T141705_5037b797", "level": "info", "timestamp": "2026-04-25T14:18:55.341459Z"}
{"sites": 106, "band_counts": {"A": 2, "B": 2, "D": 12, "H": 90}, "csv_path": "audit/post_processing/06_scoring/20260425b_site_bands_TR_nuscale_voygr6.csv", "smr_filter": "nuscale_voygr6", "country_filter": "TR", "event": "banding_stage_complete", "run_id": "p16_20260425T141705_5037b797", "level": "info", "timestamp": "2026-04-25T14:18:55.381914Z"}
{"sites": 17, "band_counts": {"A": 1, "D": 4, "H": 12}, "csv_path": "audit/post_processing/06_scoring/20260425b_site_bands_UA_nuscale_voygr6.csv", "smr_filter": "nuscale_voygr6", "country_filter": "UA", "event": "banding_stage_complete", "run_id": "p16_20260425T141705_5037b797", "level": "info", "timestamp": "2026-04-25T14:18:55.476002Z"}
{"run_id": "p16_20260425T141705_5037b797", "rows": 208, "event": "country_site_rankings_persisting", "level": "info", "timestamp": "2026-04-25T14:18:56.544926Z"}
{"rows": 139392, "baseline_run_id": "20260425T140231_ff84d75e", "event": "correlation_rows_loaded", "run_id": "p16_20260425T141705_5037b797", "level": "info", "timestamp": "2026-04-25T14:18:59.231075Z"}
{"criteria": 48, "pairs": 1128, "flagged": 4, "threshold": 0.7, "event": "correlation_computed", "run_id": "p16_20260425T141705_5037b797", "level": "info", "timestamp": "2026-04-25T14:18:59.942435Z"}
{"countries": 17, "country_reports": 17, "per_smr_scopes": 8, "event": "extended_stages_complete", "run_id": "p16_20260425T141705_5037b797", "level": "info", "timestamp": "2026-04-25T14:19:00.618264Z"}
{"run_id": "p16_20260425T141705_5037b797", "run_kind": "sensitivity", "status": "completed", "event": "run_completed", "level": "info", "timestamp": "2026-04-25T14:19:01.965194Z"}
{
  "stage": "oat",
  "message": "running OAT importance (Phase A)"
}
{
  "stage": "oat",
  "csv_path": "audit/post_processing/06_scoring/20260425_oat_importance.csv",
  "criteria_scored": 48,
  "top_criterion": "NH-01",
  "top_importance": 0.1006
}
{
  "stage": 1,
  "message": "running first stage (weights + mc + country + threshold)",
  "iterations": 10000,
  "run_id": "p16_20260425T141705_5037b797"
}
{
  "run_id": "p16_20260425T141705_5037b797",
  "pairs": 2904,
  "iterations": 10000,
  "preset_label": null,
  "weight_rows_persisted": 31944,
  "mc_rows_persisted": 2904,
  "country_balanced_rows_persisted": 2904,
  "threshold_rows_persisted": 5808,
  "country_report": {
    "total_sites": 208,
    "top_n": 20,
    "max_share": 0.4,
    "flagged": false,
    "country_counts": {
      "PL": 8,
      "RO": 8,
      "TR": 4
    }
  },
  "audit_path": "audit/post_processing/06_scoring/20260425_sensitivity_mc_10000.md",
  "mc_label": "mc_10000",
  "notes": []
}
{
  "stage": "extended",
  "message": "running extended banding + national analysis (Phase C)"
}
{
  "stage": "extended",
  "regional_bands_csv": "audit/post_processing/06_scoring/20260425b_site_bands.csv",
  "nuscale_bands_csv": "audit/post_processing/06_scoring/20260425b_site_bands_nuscale_voygr6.csv",
  "country_report_count": 17,
  "regional_report_md": "report/output/sensitivity/20260425b/00_regional_summary.md"
}
{
  "message": "phase_1_6_sensitivity_complete",
  "run_id": "p16_20260425T141705_5037b797",
  "stages": 1,
  "consolidated_audit": "audit/post_processing/06_scoring/20260425_phase1_6_sensitivity.md",
  "per_stage_audits": [
    "audit/post_processing/06_scoring/20260425_sensitivity_mc_10000.md"
  ],
  "importance_csv": "audit/post_processing/06_scoring/20260425_oat_importance.csv",
  "bands_csv": "audit/post_processing/06_scoring/20260425b_site_bands.csv",
  "regional_report_md": "report/output/sensitivity/20260425b/00_regional_summary.md"
}
