{"positional_args": ["api", "atoms_vs_ashes"], "event": "Using database profile '%s' \u2192 %s", "run_id": "20260513T030738_70d5bc2c", "level": "info", "timestamp": "2026-05-13T03:07:38.241190Z"}
{"extra": ["project_wind_envelope"], "event": "scoring_catalog_mismatch", "run_id": "20260513T030738_70d5bc2c", "level": "warning", "timestamp": "2026-05-13T03:07:39.045988Z"}
{"run_id": "20260513T030738_70d5bc2c", "run_kind": "scoring", "parent_run_id": null, "event": "run_started", "level": "info", "timestamp": "2026-05-13T03:07:39.068125Z"}
{"run_id": "20260513T030738_70d5bc2c", "sites": 361, "smrs": 8, "criteria": 48, "weight_profile": "baseline", "event": "scoring_run_start", "level": "info", "timestamp": "2026-05-13T03:07:39.081915Z"}
{"ts": "2026-05-13T03:07:39Z", "stage": "scoring", "processed": 0, "total": 361, "eta_s": null, "message": "sites=361 smrs=8", "unit": "sites", "event": "heartbeat", "run_id": "20260513T030738_70d5bc2c", "level": "debug", "timestamp": "2026-05-13T03:07:39.084282Z"}
{"ts": "2026-05-13T03:07:39Z", "stage": "scoring", "processed": 1, "total": 361, "eta_s": 190.64, "message": "site=AL-Porto Romano Power Stati", "unit": "sites", "event": "heartbeat", "run_id": "20260513T030738_70d5bc2c", "level": "debug", "timestamp": "2026-05-13T03:07:39.613839Z"}
{"ts": "2026-05-13T03:07:40Z", "stage": "scoring", "processed": 4, "total": 361, "eta_s": 151.46, "message": "site=AT-Mellach power station", "unit": "sites", "event": "heartbeat", "run_id": "20260513T030738_70d5bc2c", "level": "debug", "timestamp": "2026-05-13T03:07:40.781306Z"}
{"ts": "2026-05-13T03:07:41Z", "stage": "scoring", "processed": 8, "total": 361, "eta_s": 123.23, "message": "site=AT-Voitsberg power station", "unit": "sites", "event": "heartbeat", "run_id": "20260513T030738_70d5bc2c", "level": "debug", "timestamp": "2026-05-13T03:07:41.877040Z"}
{"ts": "2026-05-13T03:07:43Z", "stage": "scoring", "processed": 13, "total": 361, "eta_s": 106.61, "message": "site=BA-Glinica power station", "unit": "sites", "event": "heartbeat", "run_id": "20260513T030738_70d5bc2c", "level": "debug", "timestamp": "2026-05-13T03:07:43.066656Z"}
{"ts": "2026-05-13T03:07:44Z", "stage": "scoring", "processed": 18, "total": 361, "eta_s": 99.45, "message": "site=BA-Stanari Thermal Power Pl", "unit": "sites", "event": "heartbeat", "run_id": "20260513T030738_70d5bc2c", "level": "debug", "timestamp": "2026-05-13T03:07:44.302990Z"}
{"ts": "2026-05-13T03:07:45Z", "stage": "scoring", "processed": 23, "total": 361, "eta_s": 93.09, "message": "site=BG-Deven power station", "unit": "sites", "event": "heartbeat", "run_id": "20260513T030738_70d5bc2c", "level": "debug", "timestamp": "2026-05-13T03:07:45.418458Z"}
{"ts": "2026-05-13T03:07:46Z", "stage": "scoring", "processed": 28, "total": 361, "eta_s": 88.38, "message": "site=BG-Maritsa Iztok-3 power st", "unit": "sites", "event": "heartbeat", "run_id": "20260513T030738_70d5bc2c", "level": "debug", "timestamp": "2026-05-13T03:07:46.515869Z"}
{"ts": "2026-05-13T03:07:47Z", "stage": "scoring", "processed": 33, "total": 361, "eta_s": 84.97, "message": "site=BG-Svilosa power station", "unit": "sites", "event": "heartbeat", "run_id": "20260513T030738_70d5bc2c", "level": "debug", "timestamp": "2026-05-13T03:07:47.632871Z"}
{"ts": "2026-05-13T03:07:48Z", "stage": "scoring", "processed": 38, "total": 361, "eta_s": 82.75, "message": "site=CZ-Chvaletice power station", "unit": "sites", "event": "heartbeat", "run_id": "20260513T030738_70d5bc2c", "level": "debug", "timestamp": "2026-05-13T03:07:48.819764Z"}
{"ts": "2026-05-13T03:07:49Z", "stage": "scoring", "processed": 43, "total": 361, "eta_s": 80.08, "message": "site=CZ-Komorany power station", "unit": "sites", "event": "heartbeat", "run_id": "20260513T030738_70d5bc2c", "level": "debug", "timestamp": "2026-05-13T03:07:49.913240Z"}
{"ts": "2026-05-13T03:07:50Z", "stage": "scoring", "processed": 48, "total": 361, "eta_s": 77.67, "message": "site=CZ-Mondi Steti power statio", "unit": "sites", "event": "heartbeat", "run_id": "20260513T030738_70d5bc2c", "level": "debug", "timestamp": "2026-05-13T03:07:50.995904Z"}
{"ts": "2026-05-13T03:07:52Z", "stage": "scoring", "processed": 53, "total": 361, "eta_s": 75.57, "message": "site=CZ-Plzen CHP power station", "unit": "sites", "event": "heartbeat", "run_id": "20260513T030738_70d5bc2c", "level": "debug", "timestamp": "2026-05-13T03:07:52.088888Z"}
{"ts": "2026-05-13T03:07:53Z", "stage": "scoring", "processed": 58, "total": 361, "eta_s": 73.64, "message": "site=CZ-Pribram power station", "unit": "sites", "event": "heartbeat", "run_id": "20260513T030738_70d5bc2c", "level": "debug", "timestamp": "2026-05-13T03:07:53.179532Z"}
{"ts": "2026-05-13T03:07:54Z", "stage": "scoring", "processed": 63, "total": 361, "eta_s": 71.82, "message": "site=CZ-Trinec-E3 power station", "unit": "sites", "event": "heartbeat", "run_id": "20260513T030738_70d5bc2c", "level": "debug", "timestamp": "2026-05-13T03:07:54.266627Z"}
{"ts": "2026-05-13T03:07:55Z", "stage": "scoring", "processed": 68, "total": 361, "eta_s": 70.08, "message": "site=HR-Plomin power station", "unit": "sites", "event": "heartbeat", "run_id": "20260513T030738_70d5bc2c", "level": "debug", "timestamp": "2026-05-13T03:07:55.348689Z"}
{"ts": "2026-05-13T03:07:56Z", "stage": "scoring", "processed": 73, "total": 361, "eta_s": 68.92, "message": "site=HU-Matraterenye power stati", "unit": "sites", "event": "heartbeat", "run_id": "20260513T030738_70d5bc2c", "level": "debug", "timestamp": "2026-05-13T03:07:56.553662Z"}
{"ts": "2026-05-13T03:07:57Z", "stage": "scoring", "processed": 77, "total": 361, "eta_s": 68.19, "message": "site=HU-Pecs power station", "unit": "sites", "event": "heartbeat", "run_id": "20260513T030738_70d5bc2c", "level": "debug", "timestamp": "2026-05-13T03:07:57.571835Z"}
{"ts": "2026-05-13T03:07:58Z", "stage": "scoring", "processed": 82, "total": 361, "eta_s": 66.64, "message": "site=ME-Bar power station", "unit": "sites", "event": "heartbeat", "run_id": "20260513T030738_70d5bc2c", "level": "debug", "timestamp": "2026-05-13T03:07:58.671027Z"}
{"ts": "2026-05-13T03:07:59Z", "stage": "scoring", "processed": 87, "total": 361, "eta_s": 65.17, "message": "site=MK-Mariovo power station", "unit": "sites", "event": "heartbeat", "run_id": "20260513T030738_70d5bc2c", "level": "debug", "timestamp": "2026-05-13T03:07:59.776111Z"}
{"ts": "2026-05-13T03:08:00Z", "stage": "scoring", "processed": 92, "total": 361, "eta_s": 63.73, "message": "site=PL-Belchatow power station", "unit": "sites", "event": "heartbeat", "run_id": "20260513T030738_70d5bc2c", "level": "debug", "timestamp": "2026-05-13T03:08:00.880679Z"}
{"ts": "2026-05-13T03:08:01Z", "stage": "scoring", "processed": 97, "total": 361, "eta_s": 62.34, "message": "site=PL-Chorzow Elcho power stat", "unit": "sites", "event": "heartbeat", "run_id": "20260513T030738_70d5bc2c", "level": "debug", "timestamp": "2026-05-13T03:08:01.989502Z"}
{"ts": "2026-05-13T03:08:03Z", "stage": "scoring", "processed": 102, "total": 361, "eta_s": 61.05, "message": "site=PL-Gdynia-3 power station", "unit": "sites", "event": "heartbeat", "run_id": "20260513T030738_70d5bc2c", "level": "debug", "timestamp": "2026-05-13T03:08:03.126076Z"}
{"ts": "2026-05-13T03:08:04Z", "stage": "scoring", "processed": 107, "total": 361, "eta_s": 59.69, "message": "site=PL-Jaworzno power station", "unit": "sites", "event": "heartbeat", "run_id": "20260513T030738_70d5bc2c", "level": "debug", "timestamp": "2026-05-13T03:08:04.227929Z"}
{"ts": "2026-05-13T03:08:05Z", "stage": "scoring", "processed": 112, "total": 361, "eta_s": 58.43, "message": "site=PL-Krakow-Leg power station", "unit": "sites", "event": "heartbeat", "run_id": "20260513T030738_70d5bc2c", "level": "debug", "timestamp": "2026-05-13T03:08:05.365076Z"}
{"ts": "2026-05-13T03:08:06Z", "stage": "scoring", "processed": 117, "total": 361, "eta_s": 57.1, "message": "site=PL-Legnica Power Station", "unit": "sites", "event": "heartbeat", "run_id": "20260513T030738_70d5bc2c", "level": "debug", "timestamp": "2026-05-13T03:08:06.465783Z"}
{"ts": "2026-05-13T03:08:07Z", "stage": "scoring", "processed": 122, "total": 361, "eta_s": 55.91, "message": "site=PL-Miechowice power station", "unit": "sites", "event": "heartbeat", "run_id": "20260513T030738_70d5bc2c", "level": "debug", "timestamp": "2026-05-13T03:08:07.622579Z"}
{"ts": "2026-05-13T03:08:08Z", "stage": "scoring", "processed": 127, "total": 361, "eta_s": 54.6, "message": "site=PL-Patnow power station", "unit": "sites", "event": "heartbeat", "run_id": "20260513T030738_70d5bc2c", "level": "debug", "timestamp": "2026-05-13T03:08:08.717964Z"}
{"ts": "2026-05-13T03:08:09Z", "stage": "scoring", "processed": 132, "total": 361, "eta_s": 53.3, "message": "site=PL-Poznan Karolin power sta", "unit": "sites", "event": "heartbeat", "run_id": "20260513T030738_70d5bc2c", "level": "debug", "timestamp": "2026-05-13T03:08:09.809818Z"}
{"ts": "2026-05-13T03:08:10Z", "stage": "scoring", "processed": 137, "total": 361, "eta_s": 52.01, "message": "site=PL-Rybnik power station", "unit": "sites", "event": "heartbeat", "run_id": "20260513T030738_70d5bc2c", "level": "debug", "timestamp": "2026-05-13T03:08:10.892258Z"}
{"ts": "2026-05-13T03:08:11Z", "stage": "scoring", "processed": 142, "total": 361, "eta_s": 50.74, "message": "site=PL-Stalowa Wola power stati", "unit": "sites", "event": "heartbeat", "run_id": "20260513T030738_70d5bc2c", "level": "debug", "timestamp": "2026-05-13T03:08:11.982486Z"}
{"ts": "2026-05-13T03:08:13Z", "stage": "scoring", "processed": 147, "total": 361, "eta_s": 49.47, "message": "site=PL-Wroclaw power station", "unit": "sites", "event": "heartbeat", "run_id": "20260513T030738_70d5bc2c", "level": "debug", "timestamp": "2026-05-13T03:08:13.068444Z"}
{"ts": "2026-05-13T03:08:14Z", "stage": "scoring", "processed": 152, "total": 361, "eta_s": 48.23, "message": "site=PL-ZW Nowa power station", "unit": "sites", "event": "heartbeat", "run_id": "20260513T030738_70d5bc2c", "level": "debug", "timestamp": "2026-05-13T03:08:14.164060Z"}
{"ts": "2026-05-13T03:08:15Z", "stage": "scoring", "processed": 157, "total": 361, "eta_s": 46.99, "message": "site=RO-Bucharest North East pow", "unit": "sites", "event": "heartbeat", "run_id": "20260513T030738_70d5bc2c", "level": "debug", "timestamp": "2026-05-13T03:08:15.251180Z"}
{"ts": "2026-05-13T03:08:16Z", "stage": "scoring", "processed": 162, "total": 361, "eta_s": 45.77, "message": "site=RO-Giurgiu power station", "unit": "sites", "event": "heartbeat", "run_id": "20260513T030738_70d5bc2c", "level": "debug", "timestamp": "2026-05-13T03:08:16.343869Z"}
{"ts": "2026-05-13T03:08:17Z", "stage": "scoring", "processed": 167, "total": 361, "eta_s": 44.56, "message": "site=RO-Oradea power station", "unit": "sites", "event": "heartbeat", "run_id": "20260513T030738_70d5bc2c", "level": "debug", "timestamp": "2026-05-13T03:08:17.441682Z"}
{"ts": "2026-05-13T03:08:18Z", "stage": "scoring", "processed": 172, "total": 361, "eta_s": 43.48, "message": "site=RO-Suceava power station", "unit": "sites", "event": "heartbeat", "run_id": "20260513T030738_70d5bc2c", "level": "debug", "timestamp": "2026-05-13T03:08:18.656499Z"}
{"ts": "2026-05-13T03:08:19Z", "stage": "scoring", "processed": 177, "total": 361, "eta_s": 42.31, "message": "site=RS-Kolubara B power station", "unit": "sites", "event": "heartbeat", "run_id": "20260513T030738_70d5bc2c", "level": "debug", "timestamp": "2026-05-13T03:08:19.780413Z"}
{"ts": "2026-05-13T03:08:20Z", "stage": "scoring", "processed": 182, "total": 361, "eta_s": 41.1, "message": "site=RS-\u0160tavalj Power Station", "unit": "sites", "event": "heartbeat", "run_id": "20260513T030738_70d5bc2c", "level": "debug", "timestamp": "2026-05-13T03:08:20.872558Z"}
{"ts": "2026-05-13T03:08:22Z", "stage": "scoring", "processed": 187, "total": 361, "eta_s": 40.03, "message": "site=SK-Martinska power station", "unit": "sites", "event": "heartbeat", "run_id": "20260513T030738_70d5bc2c", "level": "debug", "timestamp": "2026-05-13T03:08:22.102146Z"}
{"ts": "2026-05-13T03:08:23Z", "stage": "scoring", "processed": 192, "total": 361, "eta_s": 38.84, "message": "site=TR-Ada Yesildag Enerji powe", "unit": "sites", "event": "heartbeat", "run_id": "20260513T030738_70d5bc2c", "level": "debug", "timestamp": "2026-05-13T03:08:23.214844Z"}
{"ts": "2026-05-13T03:08:24Z", "stage": "scoring", "processed": 197, "total": 361, "eta_s": 37.66, "message": "site=TR-A\u011fan power station", "unit": "sites", "event": "heartbeat", "run_id": "20260513T030738_70d5bc2c", "level": "debug", "timestamp": "2026-05-13T03:08:24.320863Z"}
{"ts": "2026-05-13T03:08:25Z", "stage": "scoring", "processed": 202, "total": 361, "eta_s": 36.47, "message": "site=TR-Alpu power station", "unit": "sites", "event": "heartbeat", "run_id": "20260513T030738_70d5bc2c", "level": "debug", "timestamp": "2026-05-13T03:08:25.419486Z"}
{"ts": "2026-05-13T03:08:26Z", "stage": "scoring", "processed": 207, "total": 361, "eta_s": 35.29, "message": "site=TR-Atlas Enerji \u0130skenderun ", "unit": "sites", "event": "heartbeat", "run_id": "20260513T030738_70d5bc2c", "level": "debug", "timestamp": "2026-05-13T03:08:26.514644Z"}
{"ts": "2026-05-13T03:08:27Z", "stage": "scoring", "processed": 212, "total": 361, "eta_s": 34.11, "message": "site=TR-Band\u0131rma III power stati", "unit": "sites", "event": "heartbeat", "run_id": "20260513T030738_70d5bc2c", "level": "debug", "timestamp": "2026-05-13T03:08:27.614515Z"}
{"ts": "2026-05-13T03:08:28Z", "stage": "scoring", "processed": 217, "total": 361, "eta_s": 32.95, "message": "site=TR-Bolu G\u00f6yn\u00fck power statio", "unit": "sites", "event": "heartbeat", "run_id": "20260513T030738_70d5bc2c", "level": "debug", "timestamp": "2026-05-13T03:08:28.734845Z"}
{"ts": "2026-05-13T03:08:29Z", "stage": "scoring", "processed": 222, "total": 361, "eta_s": 31.78, "message": "site=TR-\u00c7an-2 power station", "unit": "sites", "event": "heartbeat", "run_id": "20260513T030738_70d5bc2c", "level": "debug", "timestamp": "2026-05-13T03:08:29.834154Z"}
{"ts": "2026-05-13T03:08:30Z", "stage": "scoring", "processed": 227, "total": 361, "eta_s": 30.61, "message": "site=TR-\u00c7ebi Enerji power statio", "unit": "sites", "event": "heartbeat", "run_id": "20260513T030738_70d5bc2c", "level": "debug", "timestamp": "2026-05-13T03:08:30.938145Z"}
{"ts": "2026-05-13T03:08:32Z", "stage": "scoring", "processed": 232, "total": 361, "eta_s": 29.49, "message": "site=TR-\u00c7oban Y\u0131ld\u0131z power stati", "unit": "sites", "event": "heartbeat", "run_id": "20260513T030738_70d5bc2c", "level": "debug", "timestamp": "2026-05-13T03:08:32.122847Z"}
{"ts": "2026-05-13T03:08:33Z", "stage": "scoring", "processed": 237, "total": 361, "eta_s": 28.32, "message": "site=TR-Dinar power station", "unit": "sites", "event": "heartbeat", "run_id": "20260513T030738_70d5bc2c", "level": "debug", "timestamp": "2026-05-13T03:08:33.215072Z"}
{"ts": "2026-05-13T03:08:34Z", "stage": "scoring", "processed": 242, "total": 361, "eta_s": 27.16, "message": "site=TR-Eren-1 power station", "unit": "sites", "event": "heartbeat", "run_id": "20260513T030738_70d5bc2c", "level": "debug", "timestamp": "2026-05-13T03:08:34.309236Z"}
{"ts": "2026-05-13T03:08:35Z", "stage": "scoring", "processed": 247, "total": 361, "eta_s": 25.99, "message": "site=TR-Gebze \u00c7olako\u011flu power st", "unit": "sites", "event": "heartbeat", "run_id": "20260513T030738_70d5bc2c", "level": "debug", "timestamp": "2026-05-13T03:08:35.402105Z"}
{"ts": "2026-05-13T03:08:36Z", "stage": "scoring", "processed": 252, "total": 361, "eta_s": 24.85, "message": "site=TR-G\u00fcneybat\u0131 Anadolu power ", "unit": "sites", "event": "heartbeat", "run_id": "20260513T030738_70d5bc2c", "level": "debug", "timestamp": "2026-05-13T03:08:36.538104Z"}
{"ts": "2026-05-13T03:08:37Z", "stage": "scoring", "processed": 257, "total": 361, "eta_s": 23.7, "message": "site=TR-Hakan K\u00f6m\u00fcr power statio", "unit": "sites", "event": "heartbeat", "run_id": "20260513T030738_70d5bc2c", "level": "debug", "timestamp": "2026-05-13T03:08:37.660506Z"}
{"ts": "2026-05-13T03:08:38Z", "stage": "scoring", "processed": 262, "total": 361, "eta_s": 22.55, "message": "site=TR-\u0130\u00c7DA\u015e Biga power station", "unit": "sites", "event": "heartbeat", "run_id": "20260513T030738_70d5bc2c", "level": "debug", "timestamp": "2026-05-13T03:08:38.758172Z"}
{"ts": "2026-05-13T03:08:39Z", "stage": "scoring", "processed": 267, "total": 361, "eta_s": 21.4, "message": "site=TR-\u0130zdemir Enerji power sta", "unit": "sites", "event": "heartbeat", "run_id": "20260513T030738_70d5bc2c", "level": "debug", "timestamp": "2026-05-13T03:08:39.863741Z"}
{"ts": "2026-05-13T03:08:40Z", "stage": "scoring", "processed": 272, "total": 361, "eta_s": 20.25, "message": "site=TR-Kangal power station", "unit": "sites", "event": "heartbeat", "run_id": "20260513T030738_70d5bc2c", "level": "debug", "timestamp": "2026-05-13T03:08:40.964159Z"}
{"ts": "2026-05-13T03:08:42Z", "stage": "scoring", "processed": 277, "total": 361, "eta_s": 19.1, "message": "site=TR-Kilikya power station", "unit": "sites", "event": "heartbeat", "run_id": "20260513T030738_70d5bc2c", "level": "debug", "timestamp": "2026-05-13T03:08:42.066654Z"}
{"ts": "2026-05-13T03:08:43Z", "stage": "scoring", "processed": 282, "total": 361, "eta_s": 17.95, "message": "site=TR-K\u0131van\u00e7 power station", "unit": "sites", "event": "heartbeat", "run_id": "20260513T030738_70d5bc2c", "level": "debug", "timestamp": "2026-05-13T03:08:43.173473Z"}
{"ts": "2026-05-13T03:08:44Z", "stage": "scoring", "processed": 287, "total": 361, "eta_s": 16.81, "message": "site=TR-Mersin G\u00fclnar power stat", "unit": "sites", "event": "heartbeat", "run_id": "20260513T030738_70d5bc2c", "level": "debug", "timestamp": "2026-05-13T03:08:44.281258Z"}
{"ts": "2026-05-13T03:08:45Z", "stage": "scoring", "processed": 292, "total": 361, "eta_s": 15.67, "message": "site=TR-Namal power station", "unit": "sites", "event": "heartbeat", "run_id": "20260513T030738_70d5bc2c", "level": "debug", "timestamp": "2026-05-13T03:08:45.381436Z"}
{"ts": "2026-05-13T03:08:46Z", "stage": "scoring", "processed": 297, "total": 361, "eta_s": 14.52, "message": "site=TR-Polat power station", "unit": "sites", "event": "heartbeat", "run_id": "20260513T030738_70d5bc2c", "level": "debug", "timestamp": "2026-05-13T03:08:46.486528Z"}
{"ts": "2026-05-13T03:08:47Z", "stage": "scoring", "processed": 302, "total": 361, "eta_s": 13.39, "message": "site=TR-Sarp Golvasi power stati", "unit": "sites", "event": "heartbeat", "run_id": "20260513T030738_70d5bc2c", "level": "debug", "timestamp": "2026-05-13T03:08:47.600660Z"}
{"ts": "2026-05-13T03:08:48Z", "stage": "scoring", "processed": 307, "total": 361, "eta_s": 12.25, "message": "site=TR-Silopi (\u015e\u0131rnak) power st", "unit": "sites", "event": "heartbeat", "run_id": "20260513T030738_70d5bc2c", "level": "debug", "timestamp": "2026-05-13T03:08:48.753250Z"}
{"ts": "2026-05-13T03:08:49Z", "stage": "scoring", "processed": 312, "total": 361, "eta_s": 11.12, "message": "site=TR-Soma power station", "unit": "sites", "event": "heartbeat", "run_id": "20260513T030738_70d5bc2c", "level": "debug", "timestamp": "2026-05-13T03:08:49.860804Z"}
{"ts": "2026-05-13T03:08:50Z", "stage": "scoring", "processed": 317, "total": 361, "eta_s": 9.98, "message": "site=TR-Tosyal\u0131 \u0130skenderun power", "unit": "sites", "event": "heartbeat", "run_id": "20260513T030738_70d5bc2c", "level": "debug", "timestamp": "2026-05-13T03:08:50.973032Z"}
{"ts": "2026-05-13T03:08:52Z", "stage": "scoring", "processed": 322, "total": 361, "eta_s": 8.84, "message": "site=TR-Umut power station", "unit": "sites", "event": "heartbeat", "run_id": "20260513T030738_70d5bc2c", "level": "debug", "timestamp": "2026-05-13T03:08:52.070041Z"}
{"ts": "2026-05-13T03:08:53Z", "stage": "scoring", "processed": 327, "total": 361, "eta_s": 7.7, "message": "site=TR-Yeniyurt power station", "unit": "sites", "event": "heartbeat", "run_id": "20260513T030738_70d5bc2c", "level": "debug", "timestamp": "2026-05-13T03:08:53.177713Z"}
{"ts": "2026-05-13T03:08:54Z", "stage": "scoring", "processed": 332, "total": 361, "eta_s": 6.57, "message": "site=TR-Yunus Emre power station", "unit": "sites", "event": "heartbeat", "run_id": "20260513T030738_70d5bc2c", "level": "debug", "timestamp": "2026-05-13T03:08:54.271671Z"}
{"ts": "2026-05-13T03:08:55Z", "stage": "scoring", "processed": 337, "total": 361, "eta_s": 5.43, "message": "site=TR-Zorlu Soma power station", "unit": "sites", "event": "heartbeat", "run_id": "20260513T030738_70d5bc2c", "level": "debug", "timestamp": "2026-05-13T03:08:55.388799Z"}
{"ts": "2026-05-13T03:08:56Z", "stage": "scoring", "processed": 342, "total": 361, "eta_s": 4.3, "message": "site=UA-Dobrotvir power station", "unit": "sites", "event": "heartbeat", "run_id": "20260513T030738_70d5bc2c", "level": "debug", "timestamp": "2026-05-13T03:08:56.539513Z"}
{"ts": "2026-05-13T03:08:57Z", "stage": "scoring", "processed": 347, "total": 361, "eta_s": 3.17, "message": "site=UA-Ladyzhyn power station", "unit": "sites", "event": "heartbeat", "run_id": "20260513T030738_70d5bc2c", "level": "debug", "timestamp": "2026-05-13T03:08:57.640792Z"}
{"ts": "2026-05-13T03:08:58Z", "stage": "scoring", "processed": 352, "total": 361, "eta_s": 2.04, "message": "site=UA-Starobesheve power stati", "unit": "sites", "event": "heartbeat", "run_id": "20260513T030738_70d5bc2c", "level": "debug", "timestamp": "2026-05-13T03:08:58.760703Z"}
{"ts": "2026-05-13T03:08:59Z", "stage": "scoring", "processed": 357, "total": 361, "eta_s": 0.91, "message": "site=UA-Zuevskaya power station", "unit": "sites", "event": "heartbeat", "run_id": "20260513T030738_70d5bc2c", "level": "debug", "timestamp": "2026-05-13T03:08:59.858850Z"}
Scoring (361 sites × 8 SMRs) ━━━━━━━━━━━━━━━━━━━━━━━━ 100% 138624/138624 0:00:00

{"run_id": "20260513T030738_70d5bc2c", "run_kind": "scoring", "status": "completed", "event": "run_completed", "level": "info", "timestamp": "2026-05-13T03:09:01.737583Z"}
{"ts": "2026-05-13T03:09:01Z", "stage": "scoring", "processed": 361, "total": 361, "eta_s": 0.0, "message": "completed", "unit": "sites", "event": "heartbeat", "run_id": "20260513T030738_70d5bc2c", "level": "debug", "timestamp": "2026-05-13T03:09:01.737648Z"}
{"run_id": "20260513T030738_70d5bc2c", "ranking_rows": 138624, "verdict_rows": 76288, "composite_rows": 2888, "excluded": 2640, "event": "scoring_run_complete", "level": "info", "timestamp": "2026-05-13T03:09:01.737664Z"}
{
  "run_id": "20260513T030738_70d5bc2c",
  "weight_profile": "baseline",
  "sites_processed": 361,
  "smr_designs": 8,
  "verdict_rows": 76288,
  "ranking_rows": 138624,
  "composite_rows": 2888,
  "excluded_pairs": 2640,
  "warnings": [
    "rubric_codes_not_in_catalog=['project_wind_envelope']"
  ]
}
